Component: ARM Compiler 5.06 update 2 (build 183) Tool: armlink [4d35b7]

==============================================================================

Section Cross References

    button.o(.text) refers to _printf_percent.o(.ARM.Collect$$_printf_percent$$00000000) for _printf_percent
    button.o(.text) refers to _printf_d.o(.ARM.Collect$$_printf_percent$$00000009) for _printf_d
    button.o(.text) refers to _printf_dec.o(.text) for _printf_int_dec
    button.o(.text) refers to buzzer.o(.text) for beepn
    button.o(.text) refers to delay.o(.text) for delay_ms
    button.o(.text) refers to model.o(.text) for initializeMaze
    button.o(.text) refers to view.o(.text) for printMaze
    button.o(.text) refers to motorcontrol.o(.text) for enableMotorControl
    button.o(.text) refers to search.o(.text) for floodSearch
    button.o(.text) refers to encoder.o(.text) for getRightEncCount
    button.o(.text) refers to noretval__2printf.o(.text) for __2printf
    button.o(.text) refers to model.o(.data) for curPosX
    button.o(.text) refers to model.o(.data) for orientation
    button.o(.text) refers to motorcontrol.o(.data) for maxAccX
    buzzer.o(.text) refers to delay.o(.text) for delay_ms
    buzzer.o(.text) refers to buzzer.o(.data) for .data
    delay.o(.text) refers to setup.o(.data) for Millis
    main.o(.text) refers to sensor.o(.text) for readVoltage
    main.o(.text) refers to motorcontrol.o(.text) for updateSpeed
    main.o(.text) refers to setup.o(.text) for setup
    main.o(.text) refers to buzzer.o(.text) for beepn
    main.o(.text) refers to delay.o(.text) for delay_ms
    main.o(.text) refers to motorcontrol.o(.data) for useMotorControl
    motorcontrol.o(.text) refers to encoder.o(.text) for getLeftEncCount
    motorcontrol.o(.text) refers to sensor.o(.text) for getSensorError
    motorcontrol.o(.text) refers to motorcontrol.o(.data) for .data
    motorcontrol.o(.text) refers to delay.o(.text) for millis
    motorcontrol.o(.text) refers to sensor.o(.data) for alignPwm
    motorcontrol.o(.text) refers to sensor.o(.data) for LFMidVal
    motorcontrol.o(.text) refers to sensor.o(.data) for LFSensor
    motorcontrol.o(.text) refers to sensor.o(.data) for alignScale
    motorcontrol.o(.text) refers to sensor.o(.data) for RFMidVal
    sensor.o(.text) refers to setup.o(.text) for readADC
    sensor.o(.text) refers to stm32f4xx_gpio.o(.text) for GPIO_SetBits
    sensor.o(.text) refers to delay.o(.text) for delay_us
    sensor.o(.text) refers to buzzer.o(.text) for beep
    sensor.o(.text) refers to sensor.o(.data) for .data
    setup.o(.text) refers to stm32f4xx_rcc.o(.text) for RCC_APB2PeriphClockCmd
    setup.o(.text) refers to stm32f4xx_gpio.o(.text) for GPIO_Init
    setup.o(.text) refers to stm32f4xx_adc.o(.text) for ADC_CommonInit
    setup.o(.text) refers to stm32f4xx_tim.o(.text) for TIM_TimeBaseInit
    setup.o(.text) refers to stm32f4xx_usart.o(.text) for USART_OverSampling8Cmd
    setup.o(.text) refers to stm32f4xx_syscfg.o(.text) for SYSCFG_EXTILineConfig
    setup.o(.text) refers to stm32f4xx_exti.o(.text) for EXTI_Init
    setup.o(.text) refers to misc.o(.text) for NVIC_Init
    setup.o(.text) refers to setup.o(.data) for .data
    setup.o(.text) refers to system_stm32f4xx.o(.text) for SystemInit
    setup.o(.text) refers to system_stm32f4xx.o(.data) for SystemCoreClock
    stm32f4xx_it.o(.text) refers to main.o(.text) for systick
    stm32f4xx_it.o(.text) refers to stm32f4xx_exti.o(.text) for EXTI_GetITStatus
    stm32f4xx_it.o(.text) refers to delay.o(.text) for delay_ms
    stm32f4xx_it.o(.text) refers to button.o(.text) for button0
    stm32f4xx_it.o(.text) refers to setup.o(.text) for button_setup
    stm32f4xx_it.o(.text) refers to setup.o(.data) for Millis
    stm32f4xx_it.o(.text) refers to buzzer.o(.data) for beepDuration
    usart.o(.rev16_text) refers (Special) to use_no_semi_2.o(.text) for __use_no_semihosting
    usart.o(.revsh_text) refers (Special) to use_no_semi_2.o(.text) for __use_no_semihosting
    usart.o(.rrx_text) refers (Special) to use_no_semi_2.o(.text) for __use_no_semihosting
    usart.o(.text) refers (Special) to use_no_semi_2.o(.text) for __use_no_semihosting
    usart.o(.text) refers to stm32f4xx_usart.o(.text) for USART_SendData
    usart.o(.data) refers (Special) to use_no_semi_2.o(.text) for __use_no_semihosting
    usart.o(.data) refers (Special) to use_no_semi_2.o(.text) for __use_no_semihosting
    controller.o(.text) refers to motorcontrol.o(.text) for turn
    controller.o(.text) refers to model.o(.text) for placeWall
    controller.o(.text) refers to sensor.o(.data) for LFSensor
    controller.o(.text) refers to controller.o(.data) for .data
    controller.o(.text) refers to motorcontrol.o(.data) for stopSpeed
    controller.o(.text) refers to motorcontrol.o(.data) for searchSpeed
    controller.o(.text) refers to sensor.o(.data) for alignTime
    controller.o(.text) refers to model.o(.data) for orientation
[...]
    ..\st\src\stm32f4xx_dcmi.c               0x00000000   Number         0  stm32f4xx_dcmi.o ABSOLUTE
    ..\st\src\stm32f4xx_dma.c                0x00000000   Number         0  stm32f4xx_dma.o ABSOLUTE
    ..\st\src\stm32f4xx_exti.c               0x00000000   Number         0  stm32f4xx_exti.o ABSOLUTE
    ..\st\src\stm32f4xx_flash.c              0x00000000   Number         0  stm32f4xx_flash.o ABSOLUTE
    ..\st\src\stm32f4xx_fsmc.c               0x00000000   Number         0  stm32f4xx_fsmc.o ABSOLUTE
    ..\st\src\stm32f4xx_gpio.c               0x00000000   Number         0  stm32f4xx_gpio.o ABSOLUTE
    ..\st\src\stm32f4xx_hash.c               0x00000000   Number         0  stm32f4xx_hash.o ABSOLUTE
    ..\st\src\stm32f4xx_hash_md5.c           0x00000000   Number         0  stm32f4xx_hash_md5.o ABSOLUTE
    ..\st\src\stm32f4xx_hash_sha1.c          0x00000000   Number         0  stm32f4xx_hash_sha1.o ABSOLUTE
    ..\st\src\stm32f4xx_i2c.c                0x00000000   Number         0  stm32f4xx_i2c.o ABSOLUTE
    ..\st\src\stm32f4xx_iwdg.c               0x00000000   Number         0  stm32f4xx_iwdg.o ABSOLUTE
    ..\st\src\stm32f4xx_pwr.c                0x00000000   Number         0  stm32f4xx_pwr.o ABSOLUTE
    ..\st\src\stm32f4xx_rcc.c                0x00000000   Number         0  stm32f4xx_rcc.o ABSOLUTE
    ..\st\src\stm32f4xx_rng.c                0x00000000   Number         0  stm32f4xx_rng.o ABSOLUTE
    ..\st\src\stm32f4xx_rtc.c                0x00000000   Number         0  stm32f4xx_rtc.o ABSOLUTE
    ..\st\src\stm32f4xx_sdio.c               0x00000000   Number         0  stm32f4xx_sdio.o ABSOLUTE
    ..\st\src\stm32f4xx_spi.c                0x00000000   Number         0  stm32f4xx_spi.o ABSOLUTE
    ..\st\src\stm32f4xx_syscfg.c             0x00000000   Number         0  stm32f4xx_syscfg.o ABSOLUTE
    ..\st\src\stm32f4xx_tim.c                0x00000000   Number         0  stm32f4xx_tim.o ABSOLUTE
    ..\st\src\stm32f4xx_usart.c              0x00000000   Number         0  stm32f4xx_usart.o ABSOLUTE
    ..\st\src\stm32f4xx_wwdg.c               0x00000000   Number         0  stm32f4xx_wwdg.o ABSOLUTE
    ..\st\startup\startup_stm32f4xx.s        0x00000000   Number         0  startup_stm32f4xx.o ABSOLUTE
    ..\st\startup\system_stm32f4xx.c         0x00000000   Number         0  system_stm32f4xx.o ABSOLUTE
    ..\user\button.c                         0x00000000   Number         0  button.o ABSOLUTE
    ..\user\buzzer.c                         0x00000000   Number         0  buzzer.o ABSOLUTE
    ..\user\controller.c                     0x00000000   Number         0  controller.o ABSOLUTE
    ..\user\delay.c                          0x00000000   Number         0  delay.o ABSOLUTE
    ..\user\encoder.c                        0x00000000   Number         0  encoder.o ABSOLUTE
    ..\user\main.c                           0x00000000   Number         0  main.o ABSOLUTE
    ..\user\model.c                          0x00000000   Number         0  model.o ABSOLUTE
    ..\user\motorcontrol.c                   0x00000000   Number         0  motorcontrol.o ABSOLUTE
    ..\user\search.c                         0x00000000   Number         0  search.o ABSOLUTE
    ..\user\sensor.c                         0x00000000   Number         0  sensor.o ABSOLUTE
    ..\user\setup.c                          0x00000000   Number         0  setup.o ABSOLUTE
    ..\user\stm32f4xx_it.c                   0x00000000   Number         0  stm32f4xx_it.o ABSOLUTE
    ..\user\test.c                           0x00000000   Number         0  test.o ABSOLUTE
    ..\user\usart.c                          0x00000000   Number         0  usart.o ABSOLUTE
    ..\user\view.c                           0x00000000   Number         0  view.o ABSOLUTE
    dc.s                                     0x00000000   Number         0  dc.o ABSOLUTE
    RESET                                    0x08000000   Section      392  startup_stm32f4xx.o(RESET)
    !!!main                                  0x08000188   Section        8  __main.o(!!!main)
    !!!scatter                               0x08000190   Section       52  __scatter.o(!!!scatter)
    !!handler_copy                           0x080001c4   Section       26  __scatter_copy.o(!!handler_copy)
    !!handler_zi                             0x080001e0   Section       28  __scatter_zi.o(!!handler_zi)
    .ARM.Collect$$_printf_percent$$00000000  0x080001fc   Section        0  _printf_percent.o(.ARM.Collect$$_printf_percent$$00000000)
    .ARM.Collect$$_printf_percent$$00000009  0x080001fc   Section        6  _printf_d.o(.ARM.Collect$$_printf_percent$$00000009)
    .ARM.Collect$$_printf_percent$$00000017  0x08000202   Section        4  _printf_percent_end.o(.ARM.Collect$$_printf_percent$$00000017)
    .ARM.Collect$$libinit$$00000000          0x08000206   Section        2  libinit.o(.ARM.Collect$$libinit$$00000000)
    .ARM.Collect$$libinit$$00000001          0x08000208   Section        4  libinit2.o(.ARM.Collect$$libinit$$00000001)
    .ARM.Collect$$libinit$$00000004          0x0800020c   Section        0  libinit2.o(.ARM.Collect$$libinit$$00000004)
    .ARM.Collect$$libinit$$0000000A          0x0800020c   Section        0  libinit2.o(.ARM.Collect$$libinit$$0000000A)
    .ARM.Collect$$libinit$$0000000C          0x0800020c   Section        0  libinit2.o(.ARM.Collect$$libinit$$0000000C)
    .ARM.Collect$$libinit$$0000000E          0x0800020c   Section        0  libinit2.o(.ARM.Collect$$libinit$$0000000E)
    .ARM.Collect$$libinit$$00000011          0x0800020c   Section        0  libinit2.o(.ARM.Collect$$libinit$$00000011)
    .ARM.Collect$$libinit$$00000013          0x0800020c   Section        0  libinit2.o(.ARM.Collect$$libinit$$00000013)
    .ARM.Collect$$libinit$$00000015          0x0800020c   Section        0  libinit2.o(.ARM.Collect$$libinit$$00000015)
    .ARM.Collect$$libinit$$00000017          0x0800020c   Section        0  libinit2.o(.ARM.Collect$$libinit$$00000017)
    .ARM.Collect$$libinit$$00000019          0x0800020c   Section        0  libinit2.o(.ARM.Collect$$libinit$$00000019)
    .ARM.Collect$$libinit$$0000001B          0x0800020c   Section        0  libinit2.o(.ARM.Collect$$libinit$$0000001B)
    .ARM.Collect$$libinit$$0000001D          0x0800020c   Section        0  libinit2.o(.ARM.Collect$$libinit$$0000001D)
    .ARM.Collect$$libinit$$0000001F          0x0800020c   Section        0  libinit2.o(.ARM.Collect$$libinit$$0000001F)
    .ARM.Collect$$libinit$$00000021          0x0800020c   Section        0  libinit2.o(.ARM.Collect$$libinit$$00000021)
    .ARM.Collect$$libinit$$00000023          0x0800020c   Section        0  libinit2.o(.ARM.Collect$$libinit$$00000023)
    .ARM.Collect$$libinit$$00000025          0x0800020c   Section        0  libinit2.o(.ARM.Collect$$libinit$$00000025)
    .ARM.Collect$$libinit$$0000002C          0x0800020c   Section        0  libinit2.o(.ARM.Collect$$libinit$$0000002C)
    .ARM.Collect$$libinit$$0000002E          0x0800020c   Section        0  libinit2.o(.ARM.Collect$$libinit$$0000002E)
    .ARM.Collect$$libinit$$00000030          0x0800020c   Section        0  libinit2.o(.ARM.Collect$$libinit$$00000030)
    .ARM.Collect$$libinit$$00000032          0x0800020c   Section        0  libinit2.o(.ARM.Collect$$libinit$$00000032)
    .ARM.Collect$$libinit$$00000033          0x0800020c   Section        2  libinit2.o(.ARM.Collect$$libinit$$00000033)
    .ARM.Collect$$libshutdown$$00000000      0x0800020e   Section        2  libshutdown.o(.ARM.Collect$$libshutdown$$00000000)
    .ARM.Collect$$libshutdown$$00000002      0x08000210   Section        0  libshutdown2.o(.ARM.Collect$$libshutdown$$00000002)
    .ARM.Collect$$libshutdown$$00000004      0x08000210   Section        0  libshutdown2.o(.ARM.Collect$$libshutdown$$00000004)
    .ARM.Collect$$libshutdown$$00000007      0x08000210   Section        0  libshutdown2.o(.ARM.Collect$$libshutdown$$00000007)
    .ARM.Collect$$libshutdown$$0000000A      0x08000210   Section        0  libshutdown2.o(.ARM.Collect$$libshutdown$$0000000A)
    .ARM.Collect$$libshutdown$$0000000C      0x08000210   Section        0  libshutdown2.o(.ARM.Collect$$libshutdown$$0000000C)
    .ARM.Collect$$libshutdown$$0000000F      0x08000210   Section        0  libshutdown2.o(.ARM.Collect$$libshutdown$$0000000F)
    .ARM.Collect$$libshutdown$$00000010      0x08000210   Section        2  libshutdown2.o(.ARM.Collect$$libshutdown$$00000010)
    .ARM.Collect$$rtentry$$00000000          0x08000212   Section        0  __rtentry.o(.ARM.Collect$$rtentry$$00000000)
    .ARM.Collect$$rtentry$$00000002          0x08000212   Section        0  __rtentry2.o(.ARM.Collect$$rtentry$$00000002)
    .ARM.Collect$$rtentry$$00000004          0x08000212   Section        6  __rtentry4.o(.ARM.Collect$$rtentry$$00000004)
    .ARM.Collect$$rtentry$$00000009          0x08000218   Section        0  __rtentry2.o(.ARM.Collect$$rtentry$$00000009)
    .ARM.Collect$$rtentry$$0000000A          0x08000218   Section        4  __rtentry2.o(.ARM.Collect$$rtentry$$0000000A)
    .ARM.Collect$$rtentry$$0000000C          0x0800021c   Section        0  __rtentry2.o(.ARM.Collect$$rtentry$$0000000C)
    .ARM.Collect$$rtentry$$0000000D          0x0800021c   Section        8  __rtentry2.o(.ARM.Collect$$rtentry$$0000000D)
    .ARM.Collect$$rtexit$$00000000           0x08000224   Section        2  rtexit.o(.ARM.Collect$$rtexit$$00000000)
    .ARM.Collect$$rtexit$$00000002           0x08000226   Section        0  rtexit2.o(.ARM.Collect$$rtexit$$00000002)
    .ARM.Collect$$rtexit$$00000003           0x08000226   Section        4  rtexit2.o(.ARM.Collect$$rtexit$$00000003)
    .ARM.Collect$$rtexit$$00000004           0x0800022a   Section        6  rtexit2.o(.ARM.Collect$$rtexit$$00000004)
    .text                                    0x08000230   Section        0  button.o(.text)
    .text                                    0x0800031c   Section        0  buzzer.o(.text)
    .text                                    0x080004a8   Section        0  delay.o(.text)
    .text                                    0x080004f8   Section        0  encoder.o(.text)
    .text                                    0x08000530   Section        0  main.o(.text)
    .text                                    0x0800056c   Section        0  motorcontrol.o(.text)
    .text                                    0x08000ad0   Section        0  sensor.o(.text)
    .text                                    0x08000d98   Section        0  setup.o(.text)
    NVIC_SetPriority                         0x08001335   Thumb Code    32  setup.o(.text)
    .text                                    0x0800136c   Section        0  stm32f4xx_it.o(.text)
    .text                                    0x08001410   Section        0  usart.o(.text)
    .text                                    0x08001444   Section        0  controller.o(.text)
    .text                                    0x08001814   Section        0  model.o(.text)
    .text                                    0x080019a8   Section        0  view.o(.text)
    .text                                    0x08001ad4   Section        0  search.o(.text)
    .text                                    0x08002050   Section        0  misc.o(.text)
    .text                                    0x08002100   Section        0  stm32f4xx_adc.o(.text)
    .text                                    0x08002454   Section        0  stm32f4xx_exti.o(.text)
    .text                                    0x0800253c   Section        0  stm32f4xx_gpio.o(.text)
    .text                                    0x08002754   Section        0  stm32f4xx_rcc.o(.text)
    .text                                    0x08002b24   Section        0  stm32f4xx_syscfg.o(.text)
    .text                                    0x08002b9c   Section        0  stm32f4xx_tim.o(.text)
    TI2_Config                               0x080031e7   Thumb Code    54  stm32f4xx_tim.o(.text)
    TI1_Config                               0x0800354b   Thumb Code    46  stm32f4xx_tim.o(.text)
    .text                                    0x08003578   Section        0  stm32f4xx_usart.o(.text)
    .text                                    0x080038b0   Section       64  startup_stm32f4xx.o(.text)
    $v0                                      0x080038b0   Number         0  startup_stm32f4xx.o(.text)
    .text                                    0x080038f0   Section        0  system_stm32f4xx.o(.text)
    SetSysClock                              0x080038f1   Thumb Code   290  system_stm32f4xx.o(.text)
    .text                                    0x08003af4   Section        2  use_no_semi_2.o(.text)
    .text                                    0x08003af8   Section        0  noretval__2printf.o(.text)
    .text                                    0x08003b10   Section        0  _printf_pad.o(.text)
    .text                                    0x08003b60   Section        0  _printf_dec.o(.text)
    .text                                    0x08003bd8   Section        0  __printf_wp.o(.text)
    .text                                    0x08003ce6   Section        0  heapauxi.o(.text)
    .text                                    0x08003cec   Section        2  use_no_semi.o(.text)
    .text                                    0x08003cee   Section        0  _printf_intcommon.o(.text)
    .text                                    0x08003da0   Section        0  _printf_char_file.o(.text)
    .text                                    0x08003dc4   Section        0  _printf_char_common.o(.text)
    _printf_input_char                       0x08003dc5   Thumb Code    10  _printf_char_common.o(.text)
    .text                                    0x08003df4   Section        0  ferror.o(.text)
    .text                                    0x08003dfc   Section       74  sys_stackheap_outer.o(.text)
    .text                                    0x08003e46   Section        0  exit.o(.text)
    .text                                    0x08003e58   Section        8  libspace.o(.text)
    i._is_digit                              0x08003e60   Section        0  __printf_wp.o(i._is_digit)
    x$fpl$fpinit                             0x08003e6e   Section       10  fpinit.o(x$fpl$fpinit)
    $v0                                      0x08003e6e   Number         0  fpinit.o(x$fpl$fpinit)
    .data                                    0x20000000   Section        4  buzzer.o(.data)
    .data                                    0x20000004   Section      144  motorcontrol.o(.data)
    .data                                    0x20000094   Section        4  motorcontrol.o(.data)
    .data                                    0x20000098   Section        4  motorcontrol.o(.data)
    .data                                    0x2000009c   Section        4  motorcontrol.o(.data)
    .data                                    0x200000a0   Section       36  sensor.o(.data)
    .data                                    0x200000c4   Section        4  sensor.o(.data)
    .data                                    0x200000c8   Section        4  sensor.o(.data)
    .data                                    0x200000cc   Section        4  sensor.o(.data)
    .data                                    0x200000d0   Section        4  sensor.o(.data)
    .data                                    0x200000d4   Section        4  sensor.o(.data)
    .data                                    0x200000d8   Section       12  setup.o(.data)
    .data                                    0x200000e4   Section        4  usart.o(.data)
    .data                                    0x200000e8   Section       12  controller.o(.data)
    .data                                    0x200000f4   Section        2  model.o(.data)
    .data                                    0x200000f6   Section        1  model.o(.data)
    .data                                    0x200000f7   Section       16  stm32f4xx_rcc.o(.data)
    APBAHBPrescTable                         0x200000f7   Data          16  stm32f4xx_rcc.o(.data)
    .data                                    0x20000108   Section       20  system_stm32f4xx.o(.data)
    .bss                                     0x2000011c   Section      180  model.o(.bss)
    .bss                                     0x200001d0   Section       96  libspace.o(.bss)
    HEAP                                     0x20000230   Section      512  startup_stm32f4xx.o(HEAP)
    Heap_Mem                                 0x20000230   Data         512  startup_stm32f4xx.o(HEAP)
    STACK                                    0x20000430   Section     1024  startup_stm32f4xx.o(STACK)
    Stack_Mem                                0x20000430   Data        1024  startup_stm32f4xx.o(STACK)
    __initial_sp                             0x20000830   Data           0  startup_stm32f4xx.o(STACK)

    Global Symbols

    Symbol Name                              Value     Ov Type        Size  Object(Section)

    BuildAttributes$$THM_ISAv4$E$P$D$K$B$S$7EM$VFPi3$EXTD16$VFPS$VFMA$PE$A:L22UL41UL21$X:L11$S22US41US21$IEEE1$IW$USESV6$~STKCKD$USESV7$~SHL$OSPACE$ROPI$EBA8$UX$STANDARDLIB$REQ8$PRES8$EABIv2 0x00000000   Number         0  anon$$obj.o ABSOLUTE
    __ARM_use_no_argv                        0x00000000   Number         0  main.o ABSOLUTE
    _printf_flags                            0x00000000   Number         0  printf_stubs.o ABSOLUTE
    _printf_return_value                     0x00000000   Number         0  printf_stubs.o ABSOLUTE
    _printf_sizespec                         0x00000000   Number         0  printf_stubs.o ABSOLUTE
    _printf_widthprec                        0x00000000   Number         0  printf_stubs.o ABSOLUTE
    __ARM_exceptions_init                     - Undefined Weak Reference
    __alloca_initialize                       - Undefined Weak Reference
    __arm_preinit_                            - Undefined Weak Reference
    __cpp_initialize__aeabi_                  - Undefined Weak Reference
    __cxa_finalize                            - Undefined Weak Reference
    __rt_locale                               - Undefined Weak Reference
    __sigvec_lookup                           - Undefined Weak Reference
    _atexit_init                              - Undefined Weak Reference
    _call_atexit_fns                          - Undefined Weak Reference
    _clock_init                               - Undefined Weak Reference
    _fp_trap_init                             - Undefined Weak Reference
    _fp_trap_shutdown                         - Undefined Weak Reference
    _get_lc_collate                           - Undefined Weak Reference
    _get_lc_ctype                             - Undefined Weak Reference
    _get_lc_monetary                          - Undefined Weak Reference
    _get_lc_numeric                           - Undefined Weak Reference
    _get_lc_time                              - Undefined Weak Reference
    _getenv_init                              - Undefined Weak Reference
    _handle_redirection                       - Undefined Weak Reference
    _init_alloc                               - Undefined Weak Reference
    _init_user_alloc                          - Undefined Weak Reference
    _initio                                   - Undefined Weak Reference
    _mutex_acquire                            - Undefined Weak Reference
    _mutex_release                            - Undefined Weak Reference
    _printf_truncate_signed                   - Undefined Weak Reference
    _printf_truncate_unsigned                 - Undefined Weak Reference
    _rand_init                                - Undefined Weak Reference
    _signal_finish                            - Undefined Weak Reference
    _signal_init                              - Undefined Weak Reference
    _terminate_alloc                          - Undefined Weak Reference
    _terminate_user_alloc                     - Undefined Weak Reference
    _terminateio                              - Undefined Weak Reference
    __Vectors_Size                           0x00000188   Number         0  startup_stm32f4xx.o ABSOLUTE
    __Vectors                                0x08000000   Data           4  startup_stm32f4xx.o(RESET)
    __Vectors_End                            0x08000188   Data           0  startup_stm32f4xx.o(RESET)
    __main                                   0x08000189   Thumb Code     8  __main.o(!!!main)
    __scatterload                            0x08000191   Thumb Code     0  __scatter.o(!!!scatter)
    __scatterload_rt2                        0x08000191   Thumb Code    44  __scatter.o(!!!scatter)
    __scatterload_rt2_thumb_only             0x08000191   Thumb Code     0  __scatter.o(!!!scatter)
    __scatterload_null                       0x0800019f   Thumb Code     0  __scatter.o(!!!scatter)
    __scatterload_copy                       0x080001c5   Thumb Code    26  __scatter_copy.o(!!handler_copy)
    __scatterload_zeroinit                   0x080001e1   Thumb Code    28  __scatter_zi.o(!!handler_zi)
    _printf_d                                0x080001fd   Thumb Code     0  _printf_d.o(.ARM.Collect$$_printf_percent$$00000009)
    _printf_percent                          0x080001fd   Thumb Code     0  _printf_percent.o(.ARM.Collect$$_printf_percent$$00000000)
    _printf_percent_end                      0x08000203   Thumb Code     0  _printf_percent_end.o(.ARM.Collect$$_printf_percent$$00000017)
    __rt_lib_init                            0x08000207   Thumb Code     0  libinit.o(.ARM.Collect$$libinit$$00000000)
    __rt_lib_init_fp_1                       0x08000209   Thumb Code     0  libinit2.o(.ARM.Collect$$libinit$$00000001)
    __rt_lib_init_alloca_1                   0x0800020d   Thumb Code     0  libinit2.o(.ARM.Collect$$libinit$$0000002E)
    __rt_lib_init_argv_1                     0x0800020d   Thumb Code     0  libinit2.o(.ARM.Collect$$libinit$$0000002C)
    __rt_lib_init_atexit_1                   0x0800020d   Thumb Code     0  libinit2.o(.ARM.Collect$$libinit$$0000001B)
    __rt_lib_init_clock_1                    0x0800020d   Thumb Code     0  libinit2.o(.ARM.Collect$$libinit$$00000021)
    __rt_lib_init_cpp_1                      0x0800020d   Thumb Code     0  libinit2.o(.ARM.Collect$$libinit$$00000032)
    __rt_lib_init_exceptions_1               0x0800020d   Thumb Code     0  libinit2.o(.ARM.Collect$$libinit$$00000030)
    __rt_lib_init_fp_trap_1                  0x0800020d   Thumb Code     0  libinit2.o(.ARM.Collect$$libinit$$0000001F)
    __rt_lib_init_getenv_1                   0x0800020d   Thumb Code     0  libinit2.o(.ARM.Collect$$libinit$$00000023)
    __rt_lib_init_heap_1                     0x0800020d   Thumb Code     0  libinit2.o(.ARM.Collect$$libinit$$0000000A)
    __rt_lib_init_lc_collate_1               0x0800020d   Thumb Code     0  libinit2.o(.ARM.Collect$$libinit$$00000011)
    __rt_lib_init_lc_ctype_1                 0x0800020d   Thumb Code     0  libinit2.o(.ARM.Collect$$libinit$$00000013)
    __rt_lib_init_lc_monetary_1              0x0800020d   Thumb Code     0  libinit2.o(.ARM.Collect$$libinit$$00000015)
    __rt_lib_init_lc_numeric_1               0x0800020d   Thumb Code     0  libinit2.o(.ARM.Collect$$libinit$$00000017)
    __rt_lib_init_lc_time_1                  0x0800020d   Thumb Code     0  libinit2.o(.ARM.Collect$$libinit$$00000019)
    __rt_lib_init_preinit_1                  0x0800020d   Thumb Code     0  libinit2.o(.ARM.Collect$$libinit$$00000004)
    __rt_lib_init_rand_1                     0x0800020d   Thumb Code     0  libinit2.o(.ARM.Collect$$libinit$$0000000E)
    __rt_lib_init_return                     0x0800020d   Thumb Code     0  libinit2.o(.ARM.Collect$$libinit$$00000033)
    __rt_lib_init_signal_1                   0x0800020d   Thumb Code     0  libinit2.o(.ARM.Collect$$libinit$$0000001D)
    __rt_lib_init_stdio_1                    0x0800020d   Thumb Code     0  libinit2.o(.ARM.Collect$$libinit$$00000025)
    __rt_lib_init_user_alloc_1               0x0800020d   Thumb Code     0  libinit2.o(.ARM.Collect$$libinit$$0000000C)
    __rt_lib_shutdown                        0x0800020f   Thumb Code     0  libshutdown.o(.ARM.Collect$$libshutdown$$00000000)
    __rt_lib_shutdown_cpp_1                  0x08000211   Thumb Code     0  libshutdown2.o(.ARM.Collect$$libshutdown$$00000002)
    __rt_lib_shutdown_fp_trap_1              0x08000211   Thumb Code     0  libshutdown2.o(.ARM.Collect$$libshutdown$$00000007)
    __rt_lib_shutdown_heap_1                 0x08000211   Thumb Code     0  libshutdown2.o(.ARM.Collect$$libshutdown$$0000000F)
    __rt_lib_shutdown_return                 0x08000211   Thumb Code     0  libshutdown2.o(.ARM.Collect$$libshutdown$$00000010)
    __rt_lib_shutdown_signal_1               0x08000211   Thumb Code     0  libshutdown2.o(.ARM.Collect$$libshutdown$$0000000A)
    __rt_lib_shutdown_stdio_1                0x08000211   Thumb Code     0  libshutdown2.o(.ARM.Collect$$libshutdown$$00000004)
    __rt_lib_shutdown_user_alloc_1           0x08000211   Thumb Code     0  libshutdown2.o(.ARM.Collect$$libshutdown$$0000000C)
    __rt_entry                               0x08000213   Thumb Code     0  __rtentry.o(.ARM.Collect$$rtentry$$00000000)
    __rt_entry_presh_1                       0x08000213   Thumb Code     0  __rtentry2.o(.ARM.Collect$$rtentry$$00000002)
    __rt_entry_sh                            0x08000213   Thumb Code     0  __rtentry4.o(.ARM.Collect$$rtentry$$00000004)
    __rt_entry_li                            0x08000219   Thumb Code     0  __rtentry2.o(.ARM.Collect$$rtentry$$0000000A)
    __rt_entry_postsh_1                      0x08000219   Thumb Code     0  __rtentry2.o(.ARM.Collect$$rtentry$$00000009)
    __rt_entry_main                          0x0800021d   Thumb Code     0  __rtentry2.o(.ARM.Collect$$rtentry$$0000000D)
    __rt_entry_postli_1                      0x0800021d   Thumb Code     0  __rtentry2.o(.ARM.Collect$$rtentry$$0000000C)
    __rt_exit                                0x08000225   Thumb Code     0  rtexit.o(.ARM.Collect$$rtexit$$00000000)
    __rt_exit_ls                             0x08000227   Thumb Code     0  rtexit2.o(.ARM.Collect$$rtexit$$00000003)
    __rt_exit_prels_1                        0x08000227   Thumb Code     0  rtexit2.o(.ARM.Collect$$rtexit$$00000002)
    __rt_exit_exit                           0x0800022b   Thumb Code     0  rtexit2.o(.ARM.Collect$$rtexit$$00000004)
    button0                                  0x08000231   Thumb Code    76  button.o(.text)
    button1                                  0x0800027d   Thumb Code   114  button.o(.text)
    beep                                     0x0800031d   Thumb Code    38  buzzer.o(.text)
    beepn                                    0x08000343   Thumb Code    38  buzzer.o(.text)
    playVictory                              0x08000369   Thumb Code   154  buzzer.o(.text)
    playPrelude                              0x08000403   Thumb Code   150  buzzer.o(.text)
    playLost                                 0x08000499   Thumb Code     4  buzzer.o(.text)
    micros                                   0x080004a9   Thumb Code    34  delay.o(.text)
    millis                                   0x080004cb   Thumb Code     6  delay.o(.text)
    delay_ms                                 0x080004d1   Thumb Code    14  delay.o(.text)
    delay_us                                 0x080004df   Thumb Code    22  delay.o(.text)
    getRightEncCount                         0x080004f9   Thumb Code     6  encoder.o(.text)
    resetRightEncCount                       0x080004ff   Thumb Code     8  encoder.o(.text)
    getLeftEncCount                          0x08000507   Thumb Code     8  encoder.o(.text)
    resetLeftEncCount                        0x0800050f   Thumb Code    10  encoder.o(.text)
    setRightEncCount                         0x08000519   Thumb Code     8  encoder.o(.text)
    setLeftEncCount                          0x08000521   Thumb Code    10  encoder.o(.text)
    systick                                  0x08000531   Thumb Code    32  main.o(.text)
    main                                     0x08000551   Thumb Code    22  main.o(.text)
    setLeftPwm                               0x0800056d   Thumb Code    42  motorcontrol.o(.text)
    setRightPwm                              0x08000597   Thumb Code    46  motorcontrol.o(.text)
    deg_to_counts                            0x080005c5   Thumb Code    12  motorcontrol.o(.text)
    mm_to_counts                             0x080005d1   Thumb Code    12  motorcontrol.o(.text)
    updateSpeed                              0x080005dd   Thumb Code   498  motorcontrol.o(.text)
    getDecNeeded                             0x080007cf   Thumb Code    50  motorcontrol.o(.text)
    counts_to_mm                             0x08000801   Thumb Code    16  motorcontrol.o(.text)
    counts_to_deg                            0x08000811   Thumb Code    16  motorcontrol.o(.text)
    resetMotorParameters                     0x08000821   Thumb Code    96  motorcontrol.o(.text)
    enableMotorControl                       0x08000881   Thumb Code    14  motorcontrol.o(.text)
    disableMotorControl                      0x0800088f   Thumb Code     8  motorcontrol.o(.text)
    moveForward                              0x08000897   Thumb Code   160  motorcontrol.o(.text)
    turn                                     0x08000937   Thumb Code   242  motorcontrol.o(.text)
    align                                    0x08000a29   Thumb Code   140  motorcontrol.o(.text)
    readIRSensors                            0x08000ad1   Thumb Code   224  sensor.o(.text)
    getSensorError                           0x08000bb1   Thumb Code    28  sensor.o(.text)
    readGyro                                 0x08000bcd   Thumb Code    78  sensor.o(.text)
    readVoltage                              0x08000c1b   Thumb Code    48  sensor.o(.text)
    showVoltage                              0x08000c4b   Thumb Code   306  sensor.o(.text)
    sensor_setup                             0x08000d99   Thumb Code   150  setup.o(.text)
    buzzer_setup                             0x08000e2f   Thumb Code   140  setup.o(.text)
    encoder_setup                            0x08000ebb   Thumb Code   160  setup.o(.text)
    motor_setup                              0x08000f5b   Thumb Code   248  setup.o(.text)
    usart_setup                              0x08001053   Thumb Code   160  setup.o(.text)
    button_setup                             0x080010f3   Thumb Code   234  setup.o(.text)
    led_setup                                0x080011dd   Thumb Code   186  setup.o(.text)
    systick_setup                            0x08001297   Thumb Code    78  setup.o(.text)
    setup                                    0x080012e5   Thumb Code    40  setup.o(.text)
    readADC                                  0x0800130d   Thumb Code    40  setup.o(.text)
    SysTick_Handler                          0x0800136d   Thumb Code    32  stm32f4xx_it.o(.text)
    EXTI9_5_IRQHandler                       0x0800138d   Thumb Code    58  stm32f4xx_it.o(.text)
    EXTI15_10_IRQHandler                     0x080013c7   Thumb Code    60  stm32f4xx_it.o(.text)
    _sys_exit                                0x08001411   Thumb Code     2  usart.o(.text)
    fputc                                    0x08001413   Thumb Code    30  usart.o(.text)
    fgetc                                    0x08001431   Thumb Code    16  usart.o(.text)
    curveLeft90                              0x08001445   Thumb Code    28  controller.o(.text)
    curveRight90                             0x08001461   Thumb Code    28  controller.o(.text)
    pivotLeft90                              0x0800147d   Thumb Code    30  controller.o(.text)
    pivotRight90                             0x0800149b   Thumb Code    30  controller.o(.text)
    pivotLeft180                             0x080014b9   Thumb Code    30  controller.o(.text)
    pivotRight180                            0x080014d7   Thumb Code    30  controller.o(.text)
    moveBack                                 0x080014f5   Thumb Code   154  controller.o(.text)
    approachingWall                          0x0800158f   Thumb Code    24  controller.o(.text)
    moveN                                    0x080015a7   Thumb Code    98  controller.o(.text)
    moveE                                    0x08001609   Thumb Code    92  controller.o(.text)
    moveS                                    0x08001665   Thumb Code    92  controller.o(.text)
    moveW                                    0x080016c1   Thumb Code    92  controller.o(.text)
    detectWalls                              0x0800171d   Thumb Code   150  controller.o(.text)
    faceN                                    0x080017b3   Thumb Code     2  controller.o(.text)
    faceE                                    0x080017b5   Thumb Code     2  controller.o(.text)
    faceS                                    0x080017b7   Thumb Code     2  controller.o(.text)
    faceW                                    0x080017b9   Thumb Code     2  controller.o(.text)
    placeWall                                0x08001815   Thumb Code    90  model.o(.text)
    initializeMaze                           0x0800186f   Thumb Code    62  model.o(.text)
    placeTrace                               0x080018ad   Thumb Code    20  model.o(.text)
    hasTrace                                 0x080018c1   Thumb Code    18  model.o(.text)
    hasNorthWall                             0x080018d3   Thumb Code    18  model.o(.text)
    hasEastWall                              0x080018e5   Thumb Code    18  model.o(.text)
    hasSouthWall                             0x080018f7   Thumb Code    18  model.o(.text)
    hasWestWall                              0x08001909   Thumb Code    18  model.o(.text)
    atTarget                                 0x0800191b   Thumb Code    22  model.o(.text)
    getMinDistance                           0x08001931   Thumb Code   112  model.o(.text)
    printMaze                                0x080019a9   Thumb Code   212  view.o(.text)
    simulateStraight                         0x08001ad5   Thumb Code   372  search.o(.text)
    performNextMove                          0x08001c49   Thumb Code   604  search.o(.text)
    updateDistances                          0x08001ea5   Thumb Code   108  search.o(.text)
    floodSearch                              0x08001f11   Thumb Code   294  search.o(.text)
    NVIC_PriorityGroupConfig                 0x08002051   Thumb Code    10  misc.o(.text)
    NVIC_Init                                0x0800205b   Thumb Code    96  misc.o(.text)
    NVIC_SetVectorTable                      0x080020bb   Thumb Code    14  misc.o(.text)
    NVIC_SystemLPConfig                      0x080020c9   Thumb Code    20  misc.o(.text)
    SysTick_CLKSourceConfig                  0x080020dd   Thumb Code    24  misc.o(.text)
    ADC_DeInit                               0x08002101   Thumb Code    24  stm32f4xx_adc.o(.text)
    ADC_Init                                 0x08002119   Thumb Code    66  stm32f4xx_adc.o(.text)
    ADC_StructInit                           0x0800215b   Thumb Code    20  stm32f4xx_adc.o(.text)
    ADC_CommonInit                           0x0800216f   Thumb Code    34  stm32f4xx_adc.o(.text)
    ADC_CommonStructInit                     0x08002191   Thumb Code    12  stm32f4xx_adc.o(.text)
    ADC_Cmd                                  0x0800219d   Thumb Code    20  stm32f4xx_adc.o(.text)
    ADC_AnalogWatchdogCmd                    0x080021b1   Thumb Code    12  stm32f4xx_adc.o(.text)
    ADC_AnalogWatchdogThresholdsConfig       0x080021bd   Thumb Code     6  stm32f4xx_adc.o(.text)
    ADC_AnalogWatchdogSingleChannelConfig    0x080021c3   Thumb Code    12  stm32f4xx_adc.o(.text)
    ADC_TempSensorVrefintCmd                 0x080021cf   Thumb Code    26  stm32f4xx_adc.o(.text)
    ADC_VBATCmd                              0x080021e9   Thumb Code    26  stm32f4xx_adc.o(.text)
    ADC_RegularChannelConfig                 0x08002203   Thumb Code   116  stm32f4xx_adc.o(.text)
    ADC_SoftwareStartConv                    0x08002277   Thumb Code    10  stm32f4xx_adc.o(.text)
    ADC_GetSoftwareStartConvStatus           0x08002281   Thumb Code    14  stm32f4xx_adc.o(.text)
    ADC_EOCOnEachRegularChannelCmd           0x0800228f   Thumb Code    20  stm32f4xx_adc.o(.text)
    ADC_ContinuousModeCmd                    0x080022a3   Thumb Code    20  stm32f4xx_adc.o(.text)
    ADC_DiscModeChannelCountConfig           0x080022b7   Thumb Code    16  stm32f4xx_adc.o(.text)
    ADC_DiscModeCmd                          0x080022c7   Thumb Code    20  stm32f4xx_adc.o(.text)
    ADC_GetConversionValue                   0x080022db   Thumb Code     6  stm32f4xx_adc.o(.text)
    ADC_GetMultiModeConversionValue          0x080022e1   Thumb Code     8  stm32f4xx_adc.o(.text)
    ADC_DMACmd                               0x080022e9   Thumb Code    20  stm32f4xx_adc.o(.text)
    ADC_DMARequestAfterLastTransferCmd       0x080022fd   Thumb Code    20  stm32f4xx_adc.o(.text)
    ADC_MultiModeDMARequestAfterLastTransferCmd 0x08002311   Thumb Code    26  stm32f4xx_adc.o(.text)
    ADC_InjectedChannelConfig                0x0800232b   Thumb Code    74  stm32f4xx_adc.o(.text)
    ADC_InjectedSequencerLengthConfig        0x08002375   Thumb Code    16  stm32f4xx_adc.o(.text)
    ADC_SetInjectedOffset                    0x08002385   Thumb Code    10  stm32f4xx_adc.o(.text)
    ADC_ExternalTrigInjectedConvConfig       0x0800238f   Thumb Code    12  stm32f4xx_adc.o(.text)
    ADC_ExternalTrigInjectedConvEdgeConfig   0x0800239b   Thumb Code    12  stm32f4xx_adc.o(.text)
    ADC_SoftwareStartInjectedConv            0x080023a7   Thumb Code    10  stm32f4xx_adc.o(.text)
    ADC_GetSoftwareStartInjectedConvCmdStatus 0x080023b1   Thumb Code    14  stm32f4xx_adc.o(.text)
    ADC_AutoInjectedConvCmd                  0x080023bf   Thumb Code    20  stm32f4xx_adc.o(.text)
    ADC_InjectedDiscModeCmd                  0x080023d3   Thumb Code    20  stm32f4xx_adc.o(.text)
    ADC_GetInjectedConversionValue           0x080023e7   Thumb Code    14  stm32f4xx_adc.o(.text)
    ADC_ITConfig                             0x080023f5   Thumb Code    18  stm32f4xx_adc.o(.text)
    ADC_GetFlagStatus                        0x08002407   Thumb Code    14  stm32f4xx_adc.o(.text)
    ADC_ClearFlag                            0x08002415   Thumb Code     6  stm32f4xx_adc.o(.text)
    ADC_GetITStatus                          0x0800241b   Thumb Code    30  stm32f4xx_adc.o(.text)
    ADC_ClearITPendingBit                    0x08002439   Thumb Code     8  stm32f4xx_adc.o(.text)
    EXTI_DeInit                              0x08002455   Thumb Code    28  stm32f4xx_exti.o(.text)
    EXTI_Init                                0x08002471   Thumb Code   108  stm32f4xx_exti.o(.text)
    EXTI_StructInit                          0x080024dd   Thumb Code    14  stm32f4xx_exti.o(.text)
    EXTI_GenerateSWInterrupt                 0x080024eb   Thumb Code    12  stm32f4xx_exti.o(.text)
    EXTI_GetFlagStatus                       0x080024f7   Thumb Code    18  stm32f4xx_exti.o(.text)
    EXTI_ClearFlag                           0x08002509   Thumb Code     8  stm32f4xx_exti.o(.text)
    EXTI_GetITStatus                         0x08002511   Thumb Code    28  stm32f4xx_exti.o(.text)
    EXTI_ClearITPendingBit                   0x0800252d   Thumb Code     8  stm32f4xx_exti.o(.text)
    GPIO_DeInit                              0x0800253d   Thumb Code   192  stm32f4xx_gpio.o(.text)
    GPIO_Init                                0x080025fd   Thumb Code   162  stm32f4xx_gpio.o(.text)
    GPIO_StructInit                          0x0800269f   Thumb Code    18  stm32f4xx_gpio.o(.text)
    GPIO_PinLockConfig                       0x080026b1   Thumb Code    24  stm32f4xx_gpio.o(.text)
    GPIO_ReadInputDataBit                    0x080026c9   Thumb Code    14  stm32f4xx_gpio.o(.text)
    GPIO_ReadInputData                       0x080026d7   Thumb Code     6  stm32f4xx_gpio.o(.text)
    GPIO_ReadOutputDataBit                   0x080026dd   Thumb Code    14  stm32f4xx_gpio.o(.text)
    GPIO_ReadOutputData                      0x080026eb   Thumb Code     6  stm32f4xx_gpio.o(.text)
    GPIO_SetBits                             0x080026f1   Thumb Code     4  stm32f4xx_gpio.o(.text)
    GPIO_ResetBits                           0x080026f5   Thumb Code     4  stm32f4xx_gpio.o(.text)
    GPIO_WriteBit                            0x080026f9   Thumb Code    10  stm32f4xx_gpio.o(.text)
    GPIO_Write                               0x08002703   Thumb Code     4  stm32f4xx_gpio.o(.text)
    GPIO_ToggleBits                          0x08002707   Thumb Code     8  stm32f4xx_gpio.o(.text)
    GPIO_PinAFConfig                         0x0800270f   Thumb Code    32  stm32f4xx_gpio.o(.text)
    RCC_DeInit                               0x08002755   Thumb Code    48  stm32f4xx_rcc.o(.text)
    RCC_HSEConfig                            0x08002785   Thumb Code    12  stm32f4xx_rcc.o(.text)
    RCC_GetFlagStatus                        0x08002791   Thumb Code    46  stm32f4xx_rcc.o(.text)
    RCC_WaitForHSEStartUp                    0x080027bf   Thumb Code    44  stm32f4xx_rcc.o(.text)
    RCC_AdjustHSICalibrationValue            0x080027eb   Thumb Code    16  stm32f4xx_rcc.o(.text)
    RCC_HSICmd                               0x080027fb   Thumb Code     6  stm32f4xx_rcc.o(.text)
    RCC_LSEConfig                            0x08002801   Thumb Code    24  stm32f4xx_rcc.o(.text)
    RCC_LSICmd                               0x08002819   Thumb Code     6  stm32f4xx_rcc.o(.text)
    RCC_PLLConfig                            0x0800281f   Thumb Code    32  stm32f4xx_rcc.o(.text)
    RCC_PLLCmd                               0x0800283f   Thumb Code     6  stm32f4xx_rcc.o(.text)
    RCC_PLLI2SConfig                         0x08002845   Thumb Code    14  stm32f4xx_rcc.o(.text)
    RCC_PLLI2SCmd                            0x08002853   Thumb Code     6  stm32f4xx_rcc.o(.text)
    RCC_ClockSecuritySystemCmd               0x08002859   Thumb Code     6  stm32f4xx_rcc.o(.text)
    RCC_MCO1Config                           0x0800285f   Thumb Code    18  stm32f4xx_rcc.o(.text)
    RCC_MCO2Config                           0x08002871   Thumb Code    18  stm32f4xx_rcc.o(.text)
    RCC_SYSCLKConfig                         0x08002883   Thumb Code    16  stm32f4xx_rcc.o(.text)
    RCC_GetSYSCLKSource                      0x08002893   Thumb Code    12  stm32f4xx_rcc.o(.text)
    RCC_HCLKConfig                           0x0800289f   Thumb Code    16  stm32f4xx_rcc.o(.text)
    RCC_PCLK1Config                          0x080028af   Thumb Code    16  stm32f4xx_rcc.o(.text)
    RCC_PCLK2Config                          0x080028bf   Thumb Code    18  stm32f4xx_rcc.o(.text)
    RCC_GetClocksFreq                        0x080028d1   Thumb Code   134  stm32f4xx_rcc.o(.text)
    RCC_RTCCLKConfig                         0x08002957   Thumb Code    42  stm32f4xx_rcc.o(.text)
    RCC_RTCCLKCmd                            0x08002981   Thumb Code     8  stm32f4xx_rcc.o(.text)
    RCC_BackupResetCmd                       0x08002989   Thumb Code     8  stm32f4xx_rcc.o(.text)
    RCC_I2SCLKConfig                         0x08002991   Thumb Code     8  stm32f4xx_rcc.o(.text)
    RCC_AHB1PeriphClockCmd                   0x08002999   Thumb Code    20  stm32f4xx_rcc.o(.text)
    RCC_AHB2PeriphClockCmd                   0x080029ad   Thumb Code    20  stm32f4xx_rcc.o(.text)
    RCC_AHB3PeriphClockCmd                   0x080029c1   Thumb Code    20  stm32f4xx_rcc.o(.text)
    RCC_APB1PeriphClockCmd                   0x080029d5   Thumb Code    20  stm32f4xx_rcc.o(.text)
    RCC_APB2PeriphClockCmd                   0x080029e9   Thumb Code    20  stm32f4xx_rcc.o(.text)
    RCC_AHB1PeriphResetCmd                   0x080029fd   Thumb Code    20  stm32f4xx_rcc.o(.text)
    RCC_AHB2PeriphResetCmd                   0x08002a11   Thumb Code    20  stm32f4xx_rcc.o(.text)
    RCC_AHB3PeriphResetCmd                   0x08002a25   Thumb Code    20  stm32f4xx_rcc.o(.text)
    RCC_APB1PeriphResetCmd                   0x08002a39   Thumb Code    20  stm32f4xx_rcc.o(.text)
    RCC_APB2PeriphResetCmd                   0x08002a4d   Thumb Code    20  stm32f4xx_rcc.o(.text)
    RCC_AHB1PeriphClockLPModeCmd             0x08002a61   Thumb Code    20  stm32f4xx_rcc.o(.text)
    RCC_AHB2PeriphClockLPModeCmd             0x08002a75   Thumb Code    20  stm32f4xx_rcc.o(.text)
    RCC_AHB3PeriphClockLPModeCmd             0x08002a89   Thumb Code    20  stm32f4xx_rcc.o(.text)
    RCC_APB1PeriphClockLPModeCmd             0x08002a9d   Thumb Code    20  stm32f4xx_rcc.o(.text)
    RCC_APB2PeriphClockLPModeCmd             0x08002ab1   Thumb Code    20  stm32f4xx_rcc.o(.text)
    RCC_ITConfig                             0x08002ac5   Thumb Code    20  stm32f4xx_rcc.o(.text)
    RCC_ClearFlag                            0x08002ad9   Thumb Code    14  stm32f4xx_rcc.o(.text)
    RCC_GetITStatus                          0x08002ae7   Thumb Code    18  stm32f4xx_rcc.o(.text)
    RCC_ClearITPendingBit                    0x08002af9   Thumb Code     8  stm32f4xx_rcc.o(.text)
    SYSCFG_DeInit                            0x08002b25   Thumb Code    24  stm32f4xx_syscfg.o(.text)
    SYSCFG_MemoryRemapConfig                 0x08002b3d   Thumb Code     6  stm32f4xx_syscfg.o(.text)
    SYSCFG_EXTILineConfig                    0x08002b43   Thumb Code    42  stm32f4xx_syscfg.o(.text)
    SYSCFG_ETH_MediaInterfaceConfig          0x08002b6d   Thumb Code     8  stm32f4xx_syscfg.o(.text)
    SYSCFG_CompensationCellCmd               0x08002b75   Thumb Code     6  stm32f4xx_syscfg.o(.text)
    SYSCFG_GetCompensationCellStatus         0x08002b7b   Thumb Code    16  stm32f4xx_syscfg.o(.text)
    TIM_DeInit                               0x08002b9d   Thumb Code   284  stm32f4xx_tim.o(.text)
    TIM_TimeBaseInit                         0x08002cb9   Thumb Code    96  stm32f4xx_tim.o(.text)
    TIM_TimeBaseStructInit                   0x08002d19   Thumb Code    18  stm32f4xx_tim.o(.text)
    TIM_PrescalerConfig                      0x08002d2b   Thumb Code     6  stm32f4xx_tim.o(.text)
    TIM_CounterModeConfig                    0x08002d31   Thumb Code    12  stm32f4xx_tim.o(.text)
    TIM_SetCounter                           0x08002d3d   Thumb Code     4  stm32f4xx_tim.o(.text)
    TIM_SetAutoreload                        0x08002d41   Thumb Code     4  stm32f4xx_tim.o(.text)
    TIM_GetCounter                           0x08002d45   Thumb Code     4  stm32f4xx_tim.o(.text)
    TIM_GetPrescaler                         0x08002d49   Thumb Code     4  stm32f4xx_tim.o(.text)
    TIM_UpdateDisableConfig                  0x08002d4d   Thumb Code    20  stm32f4xx_tim.o(.text)
    TIM_UpdateRequestConfig                  0x08002d61   Thumb Code    20  stm32f4xx_tim.o(.text)
    TIM_ARRPreloadConfig                     0x08002d75   Thumb Code    20  stm32f4xx_tim.o(.text)
    TIM_SelectOnePulseMode                   0x08002d89   Thumb Code    16  stm32f4xx_tim.o(.text)
    TIM_SetClockDivision                     0x08002d99   Thumb Code    16  stm32f4xx_tim.o(.text)
    TIM_Cmd                                  0x08002da9   Thumb Code    20  stm32f4xx_tim.o(.text)
    TIM_OC1Init                              0x08002dbd   Thumb Code    88  stm32f4xx_tim.o(.text)
    TIM_OC2Init                              0x08002e15   Thumb Code   120  stm32f4xx_tim.o(.text)
    TIM_OC3Init                              0x08002e8d   Thumb Code   116  stm32f4xx_tim.o(.text)
    TIM_OC4Init                              0x08002f01   Thumb Code    88  stm32f4xx_tim.o(.text)
    TIM_OCStructInit                         0x08002f59   Thumb Code    20  stm32f4xx_tim.o(.text)
    TIM_SelectOCxM                           0x08002f6d   Thumb Code   130  stm32f4xx_tim.o(.text)
    TIM_SetCompare1                          0x08002fef   Thumb Code     4  stm32f4xx_tim.o(.text)
    TIM_SetCompare2                          0x08002ff3   Thumb Code     4  stm32f4xx_tim.o(.text)
    TIM_SetCompare3                          0x08002ff7   Thumb Code     4  stm32f4xx_tim.o(.text)
    TIM_SetCompare4                          0x08002ffb   Thumb Code     4  stm32f4xx_tim.o(.text)
    TIM_ForcedOC1Config                      0x08002fff   Thumb Code    12  stm32f4xx_tim.o(.text)
    TIM_ForcedOC2Config                      0x0800300b   Thumb Code    20  stm32f4xx_tim.o(.text)
    TIM_ForcedOC3Config                      0x0800301f   Thumb Code    12  stm32f4xx_tim.o(.text)
    TIM_ForcedOC4Config                      0x0800302b   Thumb Code    20  stm32f4xx_tim.o(.text)
    TIM_OC1PreloadConfig                     0x0800303f   Thumb Code    12  stm32f4xx_tim.o(.text)
    TIM_OC2PreloadConfig                     0x0800304b   Thumb Code    20  stm32f4xx_tim.o(.text)
    TIM_OC3PreloadConfig                     0x0800305f   Thumb Code    12  stm32f4xx_tim.o(.text)
    TIM_OC4PreloadConfig                     0x0800306b   Thumb Code    20  stm32f4xx_tim.o(.text)
    TIM_OC1FastConfig                        0x0800307f   Thumb Code    12  stm32f4xx_tim.o(.text)
    TIM_OC2FastConfig                        0x0800308b   Thumb Code    20  stm32f4xx_tim.o(.text)
    TIM_OC3FastConfig                        0x0800309f   Thumb Code    12  stm32f4xx_tim.o(.text)
    TIM_OC4FastConfig                        0x080030ab   Thumb Code    20  stm32f4xx_tim.o(.text)
    TIM_ClearOC1Ref                          0x080030bf   Thumb Code    12  stm32f4xx_tim.o(.text)
    TIM_ClearOC2Ref                          0x080030cb   Thumb Code    20  stm32f4xx_tim.o(.text)
    TIM_ClearOC3Ref                          0x080030df   Thumb Code    12  stm32f4xx_tim.o(.text)
    TIM_ClearOC4Ref                          0x080030eb   Thumb Code    20  stm32f4xx_tim.o(.text)
    TIM_OC1PolarityConfig                    0x080030ff   Thumb Code    12  stm32f4xx_tim.o(.text)
    TIM_OC1NPolarityConfig                   0x0800310b   Thumb Code    12  stm32f4xx_tim.o(.text)
    TIM_OC2PolarityConfig                    0x08003117   Thumb Code    20  stm32f4xx_tim.o(.text)
    TIM_OC2NPolarityConfig                   0x0800312b   Thumb Code    20  stm32f4xx_tim.o(.text)
    TIM_OC3PolarityConfig                    0x0800313f   Thumb Code    20  stm32f4xx_tim.o(.text)
    TIM_OC3NPolarityConfig                   0x08003153   Thumb Code    20  stm32f4xx_tim.o(.text)
    TIM_OC4PolarityConfig                    0x08003167   Thumb Code    20  stm32f4xx_tim.o(.text)
    TIM_CCxCmd                               0x0800317b   Thumb Code    22  stm32f4xx_tim.o(.text)
    TIM_CCxNCmd                              0x08003191   Thumb Code    22  stm32f4xx_tim.o(.text)
    TIM_SetIC4Prescaler                      0x080031a7   Thumb Code    24  stm32f4xx_tim.o(.text)
    TIM_SetIC3Prescaler                      0x080031bf   Thumb Code    16  stm32f4xx_tim.o(.text)
    TIM_SetIC2Prescaler                      0x080031cf   Thumb Code    24  stm32f4xx_tim.o(.text)
    TIM_SetIC1Prescaler                      0x0800321d   Thumb Code    16  stm32f4xx_tim.o(.text)
    TIM_ICInit                               0x0800322d   Thumb Code   164  stm32f4xx_tim.o(.text)
    TIM_ICStructInit                         0x080032d1   Thumb Code    16  stm32f4xx_tim.o(.text)
    TIM_PWMIConfig                           0x080032e1   Thumb Code   104  stm32f4xx_tim.o(.text)
    TIM_GetCapture1                          0x08003349   Thumb Code     4  stm32f4xx_tim.o(.text)
    TIM_GetCapture2                          0x0800334d   Thumb Code     4  stm32f4xx_tim.o(.text)
    TIM_GetCapture3                          0x08003351   Thumb Code     4  stm32f4xx_tim.o(.text)
    TIM_GetCapture4                          0x08003355   Thumb Code     4  stm32f4xx_tim.o(.text)
    TIM_BDTRConfig                           0x08003359   Thumb Code    34  stm32f4xx_tim.o(.text)
    TIM_BDTRStructInit                       0x0800337b   Thumb Code    18  stm32f4xx_tim.o(.text)
    TIM_CtrlPWMOutputs                       0x0800338d   Thumb Code    22  stm32f4xx_tim.o(.text)
    TIM_SelectCOM                            0x080033a3   Thumb Code    20  stm32f4xx_tim.o(.text)
    TIM_CCPreloadControl                     0x080033b7   Thumb Code    20  stm32f4xx_tim.o(.text)
    TIM_ITConfig                             0x080033cb   Thumb Code    16  stm32f4xx_tim.o(.text)
    TIM_GenerateEvent                        0x080033db   Thumb Code     4  stm32f4xx_tim.o(.text)
    TIM_GetFlagStatus                        0x080033df   Thumb Code    14  stm32f4xx_tim.o(.text)
    TIM_ClearFlag                            0x080033ed   Thumb Code     6  stm32f4xx_tim.o(.text)
    TIM_GetITStatus                          0x080033f3   Thumb Code    24  stm32f4xx_tim.o(.text)
    TIM_ClearITPendingBit                    0x0800340b   Thumb Code     6  stm32f4xx_tim.o(.text)
    TIM_DMAConfig                            0x08003411   Thumb Code     8  stm32f4xx_tim.o(.text)
    TIM_DMACmd                               0x08003419   Thumb Code    16  stm32f4xx_tim.o(.text)
    TIM_SelectCCDMA                          0x08003429   Thumb Code    20  stm32f4xx_tim.o(.text)
    TIM_InternalClockConfig                  0x0800343d   Thumb Code    10  stm32f4xx_tim.o(.text)
    TIM_SelectInputTrigger                   0x08003447   Thumb Code    12  stm32f4xx_tim.o(.text)
    TIM_ITRxExternalClockConfig              0x08003453   Thumb Code    18  stm32f4xx_tim.o(.text)
    TIM_TIxExternalClockConfig               0x08003465   Thumb Code    46  stm32f4xx_tim.o(.text)
    TIM_ETRConfig                            0x08003493   Thumb Code    24  stm32f4xx_tim.o(.text)
    TIM_ETRClockMode1Config                  0x080034ab   Thumb Code    18  stm32f4xx_tim.o(.text)
    TIM_ETRClockMode2Config                  0x080034bd   Thumb Code    18  stm32f4xx_tim.o(.text)
    TIM_SelectOutputTrigger                  0x080034cf   Thumb Code    16  stm32f4xx_tim.o(.text)
    TIM_SelectSlaveMode                      0x080034df   Thumb Code    16  stm32f4xx_tim.o(.text)
    TIM_SelectMasterSlaveMode                0x080034ef   Thumb Code    16  stm32f4xx_tim.o(.text)
    TIM_EncoderInterfaceConfig               0x080034ff   Thumb Code    50  stm32f4xx_tim.o(.text)
    TIM_SelectHallSensor                     0x08003531   Thumb Code    20  stm32f4xx_tim.o(.text)
    TIM_RemapConfig                          0x08003545   Thumb Code     6  stm32f4xx_tim.o(.text)
    USART_DeInit                             0x08003579   Thumb Code   114  stm32f4xx_usart.o(.text)
    USART_Init                               0x080035eb   Thumb Code   164  stm32f4xx_usart.o(.text)
    USART_StructInit                         0x0800368f   Thumb Code    22  stm32f4xx_usart.o(.text)
    USART_ClockInit                          0x080036a5   Thumb Code    28  stm32f4xx_usart.o(.text)
    USART_ClockStructInit                    0x080036c1   Thumb Code    12  stm32f4xx_usart.o(.text)
    USART_Cmd                                0x080036cd   Thumb Code    20  stm32f4xx_usart.o(.text)
    USART_SetPrescaler                       0x080036e1   Thumb Code    16  stm32f4xx_usart.o(.text)
    USART_OverSampling8Cmd                   0x080036f1   Thumb Code    20  stm32f4xx_usart.o(.text)
    USART_OneBitMethodCmd                    0x08003705   Thumb Code    20  stm32f4xx_usart.o(.text)
    USART_SendData                           0x08003719   Thumb Code     8  stm32f4xx_usart.o(.text)
    USART_ReceiveData                        0x08003721   Thumb Code     8  stm32f4xx_usart.o(.text)
    USART_SetAddress                         0x08003729   Thumb Code    16  stm32f4xx_usart.o(.text)
    USART_ReceiverWakeUpCmd                  0x08003739   Thumb Code    20  stm32f4xx_usart.o(.text)
    USART_WakeUpConfig                       0x0800374d   Thumb Code    16  stm32f4xx_usart.o(.text)
    USART_LINBreakDetectLengthConfig         0x0800375d   Thumb Code    16  stm32f4xx_usart.o(.text)
    USART_LINCmd                             0x0800376d   Thumb Code    20  stm32f4xx_usart.o(.text)
    USART_SendBreak                          0x08003781   Thumb Code    10  stm32f4xx_usart.o(.text)
    USART_HalfDuplexCmd                      0x0800378b   Thumb Code    20  stm32f4xx_usart.o(.text)
    USART_SetGuardTime                       0x0800379f   Thumb Code    16  stm32f4xx_usart.o(.text)
    USART_SmartCardCmd                       0x080037af   Thumb Code    20  stm32f4xx_usart.o(.text)
    USART_SmartCardNACKCmd                   0x080037c3   Thumb Code    20  stm32f4xx_usart.o(.text)
    USART_IrDAConfig                         0x080037d7   Thumb Code    16  stm32f4xx_usart.o(.text)
    USART_IrDACmd                            0x080037e7   Thumb Code    20  stm32f4xx_usart.o(.text)
    USART_DMACmd                             0x080037fb   Thumb Code    16  stm32f4xx_usart.o(.text)
    USART_ITConfig                           0x0800380b   Thumb Code    48  stm32f4xx_usart.o(.text)
    USART_GetFlagStatus                      0x0800383b   Thumb Code    14  stm32f4xx_usart.o(.text)
    USART_ClearFlag                          0x08003849   Thumb Code     6  stm32f4xx_usart.o(.text)
    USART_GetITStatus                        0x0800384f   Thumb Code    62  stm32f4xx_usart.o(.text)
    USART_ClearITPendingBit                  0x0800388d   Thumb Code    12  stm32f4xx_usart.o(.text)
    Reset_Handler                            0x080038b1   Thumb Code     8  startup_stm32f4xx.o(.text)
    NMI_Handler                              0x080038b9   Thumb Code     2  startup_stm32f4xx.o(.text)
    HardFault_Handler                        0x080038bb   Thumb Code     2  startup_stm32f4xx.o(.text)
    MemManage_Handler                        0x080038bd   Thumb Code     2  startup_stm32f4xx.o(.text)
    BusFault_Handler                         0x080038bf   Thumb Code     2  startup_stm32f4xx.o(.text)
    UsageFault_Handler                       0x080038c1   Thumb Code     2  startup_stm32f4xx.o(.text)
    SVC_Handler                              0x080038c3   Thumb Code     2  startup_stm32f4xx.o(.text)
    DebugMon_Handler                         0x080038c5   Thumb Code     2  startup_stm32f4xx.o(.text)
    PendSV_Handler                           0x080038c7   Thumb Code     2  startup_stm32f4xx.o(.text)
    ADC_IRQHandler                           0x080038cb   Thumb Code     0  startup_stm32f4xx.o(.text)
    CAN1_RX0_IRQHandler                      0x080038cb   Thumb Code     0  startup_stm32f4xx.o(.text)
    CAN1_RX1_IRQHandler                      0x080038cb   Thumb Code     0  startup_stm32f4xx.o(.text)
    CAN1_SCE_IRQHandler                      0x080038cb   Thumb Code     0  startup_stm32f4xx.o(.text)
    CAN1_TX_IRQHandler                       0x080038cb   Thumb Code     0  startup_stm32f4xx.o(.text)
    CAN2_RX0_IRQHandler                      0x080038cb   Thumb Code     0  startup_stm32f4xx.o(.text)
    CAN2_RX1_IRQHandler                      0x080038cb   Thumb Code     0  startup_stm32f4xx.o(.text)
    CAN2_SCE_IRQHandler                      0x080038cb   Thumb Code     0  startup_stm32f4xx.o(.text)
    CAN2_TX_IRQHandler                       0x080038cb   Thumb Code     0  startup_stm32f4xx.o(.text)
    CRYP_IRQHandler                          0x080038cb   Thumb Code     0  startup_stm32f4xx.o(.text)
    DCMI_IRQHandler                          0x080038cb   Thumb Code     0  startup_stm32f4xx.o(.text)
    DMA1_Stream0_IRQHandler                  0x080038cb   Thumb Code     0  startup_stm32f4xx.o(.text)
    DMA1_Stream1_IRQHandler                  0x080038cb   Thumb Code     0  startup_stm32f4xx.o(.text)
    DMA1_Stream2_IRQHandler                  0x080038cb   Thumb Code     0  startup_stm32f4xx.o(.text)
    DMA1_Stream3_IRQHandler                  0x080038cb   Thumb Code     0  startup_stm32f4xx.o(.text)
    DMA1_Stream4_IRQHandler                  0x080038cb   Thumb Code     0  startup_stm32f4xx.o(.text)
    DMA1_Stream5_IRQHandler                  0x080038cb   Thumb Code     0  startup_stm32f4xx.o(.text)
    DMA1_Stream6_IRQHandler                  0x080038cb   Thumb Code     0  startup_stm32f4xx.o(.text)
    DMA1_Stream7_IRQHandler                  0x080038cb   Thumb Code     0  startup_stm32f4xx.o(.text)
    DMA2_Stream0_IRQHandler                  0x080038cb   Thumb Code     0  startup_stm32f4xx.o(.text)
    DMA2_Stream1_IRQHandler                  0x080038cb   Thumb Code     0  startup_stm32f4xx.o(.text)
    DMA2_Stream2_IRQHandler                  0x080038cb   Thumb Code     0  startup_stm32f4xx.o(.text)
    DMA2_Stream3_IRQHandler                  0x080038cb   Thumb Code     0  startup_stm32f4xx.o(.text)
    DMA2_Stream4_IRQHandler                  0x080038cb   Thumb Code     0  startup_stm32f4xx.o(.text)
    DMA2_Stream5_IRQHandler                  0x080038cb   Thumb Code     0  startup_stm32f4xx.o(.text)
    DMA2_Stream6_IRQHandler                  0x080038cb   Thumb Code     0  startup_stm32f4xx.o(.text)
    DMA2_Stream7_IRQHandler                  0x080038cb   Thumb Code     0  startup_stm32f4xx.o(.text)
    ETH_IRQHandler                           0x080038cb   Thumb Code     0  startup_stm32f4xx.o(.text)
    ETH_WKUP_IRQHandler                      0x080038cb   Thumb Code     0  startup_stm32f4xx.o(.text)
    EXTI0_IRQHandler                         0x080038cb   Thumb Code     0  startup_stm32f4xx.o(.text)
    EXTI1_IRQHandler                         0x080038cb   Thumb Code     0  startup_stm32f4xx.o(.text)
    EXTI2_IRQHandler                         0x080038cb   Thumb Code     0  startup_stm32f4xx.o(.text)
    EXTI3_IRQHandler                         0x080038cb   Thumb Code     0  startup_stm32f4xx.o(.text)
    EXTI4_IRQHandler                         0x080038cb   Thumb Code     0  startup_stm32f4xx.o(.text)
    FLASH_IRQHandler                         0x080038cb   Thumb Code     0  startup_stm32f4xx.o(.text)
    FPU_IRQHandler                           0x080038cb   Thumb Code     0  startup_stm32f4xx.o(.text)
    FSMC_IRQHandler                          0x080038cb   Thumb Code     0  startup_stm32f4xx.o(.text)
    HASH_RNG_IRQHandler                      0x080038cb   Thumb Code     0  startup_stm32f4xx.o(.text)
    I2C1_ER_IRQHandler                       0x080038cb   Thumb Code     0  startup_stm32f4xx.o(.text)
    I2C1_EV_IRQHandler                       0x080038cb   Thumb Code     0  startup_stm32f4xx.o(.text)
    I2C2_ER_IRQHandler                       0x080038cb   Thumb Code     0  startup_stm32f4xx.o(.text)
    I2C2_EV_IRQHandler                       0x080038cb   Thumb Code     0  startup_stm32f4xx.o(.text)
    I2C3_ER_IRQHandler                       0x080038cb   Thumb Code     0  startup_stm32f4xx.o(.text)
    I2C3_EV_IRQHandler                       0x080038cb   Thumb Code     0  startup_stm32f4xx.o(.text)
    OTG_FS_IRQHandler                        0x080038cb   Thumb Code     0  startup_stm32f4xx.o(.text)
    OTG_FS_WKUP_IRQHandler                   0x080038cb   Thumb Code     0  startup_stm32f4xx.o(.text)
    OTG_HS_EP1_IN_IRQHandler                 0x080038cb   Thumb Code     0  startup_stm32f4xx.o(.text)
    OTG_HS_EP1_OUT_IRQHandler                0x080038cb   Thumb Code     0  startup_stm32f4xx.o(.text)
    OTG_HS_IRQHandler                        0x080038cb   Thumb Code     0  startup_stm32f4xx.o(.text)
    OTG_HS_WKUP_IRQHandler                   0x080038cb   Thumb Code     0  startup_stm32f4xx.o(.text)
    PVD_IRQHandler                           0x080038cb   Thumb Code     0  startup_stm32f4xx.o(.text)
    RCC_IRQHandler                           0x080038cb   Thumb Code     0  startup_stm32f4xx.o(.text)
    RTC_Alarm_IRQHandler                     0x080038cb   Thumb Code     0  startup_stm32f4xx.o(.text)
    RTC_WKUP_IRQHandler                      0x080038cb   Thumb Code     0  startup_stm32f4xx.o(.text)
    SDIO_IRQHandler                          0x080038cb   Thumb Code     0  startup_stm32f4xx.o(.text)
    SPI1_IRQHandler                          0x080038cb   Thumb Code     0  startup_stm32f4xx.o(.text)
    SPI2_IRQHandler                          0x080038cb   Thumb Code     0  startup_stm32f4xx.o(.text)
    SPI3_IRQHandler                          0x080038cb   Thumb Code     0  startup_stm32f4xx.o(.text)
    TAMP_STAMP_IRQHandler                    0x080038cb   Thumb Code     0  startup_stm32f4xx.o(.text)
    TIM1_BRK_TIM9_IRQHandler                 0x080038cb   Thumb Code     0  startup_stm32f4xx.o(.text)
    TIM1_CC_IRQHandler                       0x080038cb   Thumb Code     0  startup_stm32f4xx.o(.text)
    TIM1_TRG_COM_TIM11_IRQHandler            0x080038cb   Thumb Code     0  startup_stm32f4xx.o(.text)
    TIM1_UP_TIM10_IRQHandler                 0x080038cb   Thumb Code     0  startup_stm32f4xx.o(.text)
    TIM2_IRQHandler                          0x080038cb   Thumb Code     0  startup_stm32f4xx.o(.text)
    TIM3_IRQHandler                          0x080038cb   Thumb Code     0  startup_stm32f4xx.o(.text)
    TIM4_IRQHandler                          0x080038cb   Thumb Code     0  startup_stm32f4xx.o(.text)
    TIM5_IRQHandler                          0x080038cb   Thumb Code     0  startup_stm32f4xx.o(.text)
    TIM6_DAC_IRQHandler                      0x080038cb   Thumb Code     0  startup_stm32f4xx.o(.text)
    TIM7_IRQHandler                          0x080038cb   Thumb Code     0  startup_stm32f4xx.o(.text)
    TIM8_BRK_TIM12_IRQHandler                0x080038cb   Thumb Code     0  startup_stm32f4xx.o(.text)
    TIM8_CC_IRQHandler                       0x080038cb   Thumb Code     0  startup_stm32f4xx.o(.text)
    TIM8_TRG_COM_TIM14_IRQHandler            0x080038cb   Thumb Code     0  startup_stm32f4xx.o(.text)
    TIM8_UP_TIM13_IRQHandler                 0x080038cb   Thumb Code     0  startup_stm32f4xx.o(.text)
    UART4_IRQHandler                         0x080038cb   Thumb Code     0  startup_stm32f4xx.o(.text)
    UART5_IRQHandler                         0x080038cb   Thumb Code     0  startup_stm32f4xx.o(.text)
    USART1_IRQHandler                        0x080038cb   Thumb Code     0  startup_stm32f4xx.o(.text)
    USART2_IRQHandler                        0x080038cb   Thumb Code     0  startup_stm32f4xx.o(.text)
    USART3_IRQHandler                        0x080038cb   Thumb Code     0  startup_stm32f4xx.o(.text)
    USART6_IRQHandler                        0x080038cb   Thumb Code     0  startup_stm32f4xx.o(.text)
    WWDG_IRQHandler                          0x080038cb   Thumb Code     0  startup_stm32f4xx.o(.text)
    __user_initial_stackheap                 0x080038cd   Thumb Code     0  startup_stm32f4xx.o(.text)
    SystemInit                               0x08003a13   Thumb Code    74  system_stm32f4xx.o(.text)
    SystemCoreClockUpdate                    0x08003a5d   Thumb Code   106  system_stm32f4xx.o(.text)
    __use_no_semihosting                     0x08003af5   Thumb Code     2  use_no_semi_2.o(.text)
    __2printf                                0x08003af9   Thumb Code    20  noretval__2printf.o(.text)
    _printf_pre_padding                      0x08003b11   Thumb Code    44  _printf_pad.o(.text)
    _printf_post_padding                     0x08003b3d   Thumb Code    34  _printf_pad.o(.text)
    _printf_int_dec                          0x08003b61   Thumb Code   104  _printf_dec.o(.text)
    __printf                                 0x08003bd9   Thumb Code   270  __printf_wp.o(.text)
    __use_two_region_memory                  0x08003ce7   Thumb Code     2  heapauxi.o(.text)
    __rt_heap_escrow$2region                 0x08003ce9   Thumb Code     2  heapauxi.o(.text)
    __rt_heap_expand$2region                 0x08003ceb   Thumb Code     2  heapauxi.o(.text)
    __I$use$semihosting                      0x08003ced   Thumb Code     0  use_no_semi.o(.text)
    __use_no_semihosting_swi                 0x08003ced   Thumb Code     2  use_no_semi.o(.text)
    _printf_int_common                       0x08003cef   Thumb Code   178  _printf_intcommon.o(.text)
    _printf_char_file                        0x08003da1   Thumb Code    32  _printf_char_file.o(.text)
    _printf_char_common                      0x08003dcf   Thumb Code    32  _printf_char_common.o(.text)
    ferror                                   0x08003df5   Thumb Code     8  ferror.o(.text)
    __user_setup_stackheap                   0x08003dfd   Thumb Code    74  sys_stackheap_outer.o(.text)
    exit                                     0x08003e47   Thumb Code    18  exit.o(.text)
    __user_libspace                          0x08003e59   Thumb Code     8  libspace.o(.text)
    __user_perproc_libspace                  0x08003e59   Thumb Code     0  libspace.o(.text)
    __user_perthread_libspace                0x08003e59   Thumb Code     0  libspace.o(.text)
    _is_digit                                0x08003e61   Thumb Code    14  __printf_wp.o(i._is_digit)
    _fp_init                                 0x08003e6f   Thumb Code    10  fpinit.o(x$fpl$fpinit)
    __fplib_config_fpu_vfp                   0x08003e77   Thumb Code     0  fpinit.o(x$fpl$fpinit)
    __fplib_config_pureend_doubles           0x08003e77   Thumb Code     0  fpinit.o(x$fpl$fpinit)
    Region$$Table$$Base                      0x08003e78   Number         0  anon$$obj.o(Region$$Table)
    Region$$Table$$Limit                     0x08003e98   Number         0  anon$$obj.o(Region$$Table)
    beepDuration                             0x20000000   Data           4  buzzer.o(.data)
    useMotorControl                          0x20000004   Data           1  motorcontrol.o(.data)
    useIRSensors                             0x20000005   Data           1  motorcontrol.o(.data)
    leftEncCount                             0x20000008   Data           4  motorcontrol.o(.data)
    rightEncCount                            0x2000000c   Data           4  motorcontrol.o(.data)
    encCount                                 0x20000010   Data           4  motorcontrol.o(.data)
    oldLeftEncCount                          0x20000014   Data           4  motorcontrol.o(.data)
    oldRightEncCount                         0x20000018   Data           4  motorcontrol.o(.data)
    leftEncChange                            0x2000001c   Data           4  motorcontrol.o(.data)
    rightEncChange                           0x20000020   Data           4  motorcontrol.o(.data)
    encChange                                0x20000024   Data           4  motorcontrol.o(.data)
    distanceLeft                             0x20000028   Data           4  motorcontrol.o(.data)
    targetSpeedX                             0x2000002c   Data           4  motorcontrol.o(.data)
    targetSpeedW                             0x20000030   Data           4  motorcontrol.o(.data)
    curSpeedX                                0x20000034   Data           4  motorcontrol.o(.data)
    curSpeedW                                0x20000038   Data           4  motorcontrol.o(.data)
    encFeedbackX                             0x2000003c   Data           4  motorcontrol.o(.data)
    encFeedbackW                             0x20000040   Data           4  motorcontrol.o(.data)
    errorX                                   0x20000044   Data           4  motorcontrol.o(.data)
    errorW                                   0x20000048   Data           4  motorcontrol.o(.data)
    oldErrorX                                0x2000004c   Data           4  motorcontrol.o(.data)
    oldErrorW                                0x20000050   Data           4  motorcontrol.o(.data)
    posPwmX                                  0x20000054   Data           4  motorcontrol.o(.data)
    posPwmW                                  0x20000058   Data           4  motorcontrol.o(.data)
    maxPwm                                   0x2000005c   Data           4  motorcontrol.o(.data)
    stopSpeed                                0x20000060   Data           4  motorcontrol.o(.data)
    maxAccX                                  0x20000064   Data           4  motorcontrol.o(.data)
    maxDecX                                  0x20000068   Data           4  motorcontrol.o(.data)
    maxAccW                                  0x2000006c   Data           4  motorcontrol.o(.data)
    maxDecW                                  0x20000070   Data           4  motorcontrol.o(.data)
    counts_per_mm                            0x20000074   Data           4  motorcontrol.o(.data)
    counts_per_deg                           0x20000078   Data           4  motorcontrol.o(.data)
    cellDistance                             0x2000007c   Data           4  motorcontrol.o(.data)
    sensorScale                              0x20000080   Data           4  motorcontrol.o(.data)
    kpX                                      0x20000084   Data           4  motorcontrol.o(.data)
    kdX                                      0x20000088   Data           4  motorcontrol.o(.data)
    kpW                                      0x2000008c   Data           4  motorcontrol.o(.data)
    kdW                                      0x20000090   Data           4  motorcontrol.o(.data)
    searchSpeed                              0x20000094   Data           4  motorcontrol.o(.data)
    turnSpeed                                0x20000098   Data           4  motorcontrol.o(.data)
    traceSpeed                               0x2000009c   Data           4  motorcontrol.o(.data)
    LDMidVal                                 0x200000a0   Data           4  sensor.o(.data)
    RDMidVal                                 0x200000a4   Data           4  sensor.o(.data)
    voltage                                  0x200000a8   Data           4  sensor.o(.data)
    LFSensor                                 0x200000ac   Data           4  sensor.o(.data)
    RFSensor                                 0x200000b0   Data           4  sensor.o(.data)
    LDSensor                                 0x200000b4   Data           4  sensor.o(.data)
    RDSensor                                 0x200000b8   Data           4  sensor.o(.data)
    aSpeed                                   0x200000bc   Data           4  sensor.o(.data)
    angle                                    0x200000c0   Data           4  sensor.o(.data)
    LFMidVal                                 0x200000c4   Data           4  sensor.o(.data)
    RFMidVal                                 0x200000c8   Data           4  sensor.o(.data)
    alignTime                                0x200000cc   Data           4  sensor.o(.data)
    alignPwm                                 0x200000d0   Data           4  sensor.o(.data)
    alignScale                               0x200000d4   Data           4  sensor.o(.data)
    CCR1_Val                                 0x200000d8   Data           2  setup.o(.data)
    CCR2_Val                                 0x200000da   Data           2  setup.o(.data)
    CCR3_Val                                 0x200000dc   Data           2  setup.o(.data)
    CCR4_Val                                 0x200000de   Data           2  setup.o(.data)
    Millis                                   0x200000e0   Data           4  setup.o(.data)
    __stdout                                 0x200000e4   Data           4  usart.o(.data)
    leftWallThreshold                        0x200000e8   Data           4  controller.o(.data)
    rightWallThreshold                       0x200000ec   Data           4  controller.o(.data)
    frontWallThreshold                       0x200000f0   Data           4  controller.o(.data)
    curPosX                                  0x200000f4   Data           1  model.o(.data)
    curPosY                                  0x200000f5   Data           1  model.o(.data)
    orientation                              0x200000f6   Data           1  model.o(.data)
    SystemCoreClock                          0x20000108   Data           4  system_stm32f4xx.o(.data)
    AHBPrescTable                            0x2000010c   Data          16  system_stm32f4xx.o(.data)
    cell                                     0x2000011c   Data          36  model.o(.bss)
    distance                                 0x20000140   Data         144  model.o(.bss)
    __libspace_start                         0x200001d0   Data          96  libspace.o(.bss)
    __temporary_stack_top$libspace           0x20000230   Data           0  libspace.o(.bss)



==============================================================================

Memory Map of the image

  Image Entry point : 0x08000189

  Load Region LR_IROM1 (Base: 0x08000000, Size: 0x00003fb4, Max: 0x00100000, ABSOLUTE)

    Execution Region ER_IROM1 (Base: 0x08000000, Size: 0x00003e98, Max: 0x00100000, ABSOLUTE)

    Base Addr    Size         Type   Attr      Idx    E Section Name        Object

    0x08000000   0x00000188   Data   RO         1340    RESET               startup_stm32f4xx.o
    0x08000188   0x00000008   Code   RO         1414  * !!!main             c_w.l(__main.o)
    0x08000190   0x00000034   Code   RO         1582    !!!scatter          c_w.l(__scatter.o)
    0x080001c4   0x0000001a   Code   RO         1584    !!handler_copy      c_w.l(__scatter_copy.o)
    0x080001de   0x00000002   PAD
    0x080001e0   0x0000001c   Code   RO         1586    !!handler_zi        c_w.l(__scatter_zi.o)
    0x080001fc   0x00000000   Code   RO         1411    .ARM.Collect$$_printf_percent$$00000000  c_w.l(_printf_percent.o)
    0x080001fc   0x00000006   Code   RO         1410    .ARM.Collect$$_printf_percent$$00000009  c_w.l(_printf_d.o)
    0x08000202   0x00000004   Code   RO         1423    .ARM.Collect$$_printf_percent$$00000017  c_w.l(_printf_percent_end.o)
    0x08000206   0x00000002   Code   RO         1456    .ARM.Collect$$libinit$$00000000  c_w.l(libinit.o)
    0x08000208   0x00000004   Code   RO         1462    .ARM.Collect$$libinit$$00000001  c_w.l(libinit2.o)
    0x0800020c   0x00000000   Code   RO         1465    .ARM.Collect$$libinit$$00000004  c_w.l(libinit2.o)
    0x0800020c   0x00000000   Code   RO         1468    .ARM.Collect$$libinit$$0000000A  c_w.l(libinit2.o)
    0x0800020c   0x00000000   Code   RO         1470    .ARM.Collect$$libinit$$0000000C  c_w.l(libinit2.o)
    0x0800020c   0x00000000   Code   RO         1472    .ARM.Collect$$libinit$$0000000E  c_w.l(libinit2.o)
    0x0800020c   0x00000000   Code   RO         1475    .ARM.Collect$$libinit$$00000011  c_w.l(libinit2.o)
    0x0800020c   0x00000000   Code   RO         1477    .ARM.Collect$$libinit$$00000013  c_w.l(libinit2.o)
    0x0800020c   0x00000000   Code   RO         1479    .ARM.Collect$$libinit$$00000015  c_w.l(libinit2.o)
    0x0800020c   0x00000000   Code   RO         1481    .ARM.Collect$$libinit$$00000017  c_w.l(libinit2.o)
    0x0800020c   0x00000000   Code   RO         1483    .ARM.Collect$$libinit$$00000019  c_w.l(libinit2.o)
    0x0800020c   0x00000000   Code   RO         1485    .ARM.Collect$$libinit$$0000001B  c_w.l(libinit2.o)
    0x0800020c   0x00000000   Code   RO         1487    .ARM.Collect$$libinit$$0000001D  c_w.l(libinit2.o)
    0x0800020c   0x00000000   Code   RO         1489    .ARM.Collect$$libinit$$0000001F  c_w.l(libinit2.o)
    0x0800020c   0x00000000   Code   RO         1491    .ARM.Collect$$libinit$$00000021  c_w.l(libinit2.o)
    0x0800020c   0x00000000   Code   RO         1493    .ARM.Collect$$libinit$$00000023  c_w.l(libinit2.o)
    0x0800020c   0x00000000   Code   RO         1495    .ARM.Collect$$libinit$$00000025  c_w.l(libinit2.o)
    0x0800020c   0x00000000   Code   RO         1499    .ARM.Collect$$libinit$$0000002C  c_w.l(libinit2.o)
    0x0800020c   0x00000000   Code   RO         1501    .ARM.Collect$$libinit$$0000002E  c_w.l(libinit2.o)
    0x0800020c   0x00000000   Code   RO         1503    .ARM.Collect$$libinit$$00000030  c_w.l(libinit2.o)
    0x0800020c   0x00000000   Code   RO         1505    .ARM.Collect$$libinit$$00000032  c_w.l(libinit2.o)
    0x0800020c   0x00000002   Code   RO         1506    .ARM.Collect$$libinit$$00000033  c_w.l(libinit2.o)
    0x0800020e   0x00000002   Code   RO         1524    .ARM.Collect$$libshutdown$$00000000  c_w.l(libshutdown.o)
    0x08000210   0x00000000   Code   RO         1534    .ARM.Collect$$libshutdown$$00000002  c_w.l(libshutdown2.o)
    0x08000210   0x00000000   Code   RO         1536    .ARM.Collect$$libshutdown$$00000004  c_w.l(libshutdown2.o)
    0x08000210   0x00000000   Code   RO         1539    .ARM.Collect$$libshutdown$$00000007  c_w.l(libshutdown2.o)
    0x08000210   0x00000000   Code   RO         1542    .ARM.Collect$$libshutdown$$0000000A  c_w.l(libshutdown2.o)
    0x08000210   0x00000000   Code   RO         1544    .ARM.Collect$$libshutdown$$0000000C  c_w.l(libshutdown2.o)
    0x08000210   0x00000000   Code   RO         1547    .ARM.Collect$$libshutdown$$0000000F  c_w.l(libshutdown2.o)
    0x08000210   0x00000002   Code   RO         1548    .ARM.Collect$$libshutdown$$00000010  c_w.l(libshutdown2.o)
    0x08000212   0x00000000   Code   RO         1418    .ARM.Collect$$rtentry$$00000000  c_w.l(__rtentry.o)
    0x08000212   0x00000000   Code   RO         1425    .ARM.Collect$$rtentry$$00000002  c_w.l(__rtentry2.o)
    0x08000212   0x00000006   Code   RO         1437    .ARM.Collect$$rtentry$$00000004  c_w.l(__rtentry4.o)
    0x08000218   0x00000000   Code   RO         1427    .ARM.Collect$$rtentry$$00000009  c_w.l(__rtentry2.o)
    0x08000218   0x00000004   Code   RO         1428    .ARM.Collect$$rtentry$$0000000A  c_w.l(__rtentry2.o)
    0x0800021c   0x00000000   Code   RO         1430    .ARM.Collect$$rtentry$$0000000C  c_w.l(__rtentry2.o)
    0x0800021c   0x00000008   Code   RO         1431    .ARM.Collect$$rtentry$$0000000D  c_w.l(__rtentry2.o)
    0x08000224   0x00000002   Code   RO         1460    .ARM.Collect$$rtexit$$00000000  c_w.l(rtexit.o)
    0x08000226   0x00000000   Code   RO         1508    .ARM.Collect$$rtexit$$00000002  c_w.l(rtexit2.o)
    0x08000226   0x00000004   Code   RO         1509    .ARM.Collect$$rtexit$$00000003  c_w.l(rtexit2.o)
    0x0800022a   0x00000006   Code   RO         1510    .ARM.Collect$$rtexit$$00000004  c_w.l(rtexit2.o)
    0x08000230   0x000000ec   Code   RO            4    .text               button.o
    0x0800031c   0x0000018c   Code   RO          190    .text               buzzer.o
    0x080004a8   0x00000050   Code   RO          221    .text               delay.o
    0x080004f8   0x00000038   Code   RO          246    .text               encoder.o
    0x08000530   0x0000003c   Code   RO          270    .text               main.o
    0x0800056c   0x00000564   Code   RO          294    .text               motorcontrol.o
    0x08000ad0   0x000002c8   Code   RO          329    .text               sensor.o
    0x08000d98   0x000005d4   Code   RO          365    .text               setup.o
    0x0800136c   0x000000a4   Code   RO          400    .text               stm32f4xx_it.o
    0x08001410   0x00000034   Code   RO          424    .text               usart.o
    0x08001444   0x000003d0   Code   RO          456    .text               controller.o
    0x08001814   0x00000194   Code   RO          511    .text               model.o
    0x080019a8   0x0000012c   Code   RO          544    .text               view.o
    0x08001ad4   0x0000057c   Code   RO          568    .text               search.o
    0x08002050   0x000000b0   Code   RO          592    .text               misc.o
    0x08002100   0x00000354   Code   RO          616    .text               stm32f4xx_adc.o
    0x08002454   0x000000e8   Code   RO          880    .text               stm32f4xx_exti.o
    0x0800253c   0x00000218   Code   RO          953    .text               stm32f4xx_gpio.o
    0x08002754   0x000003d0   Code   RO         1121    .text               stm32f4xx_rcc.o
    0x08002b24   0x00000078   Code   RO         1244    .text               stm32f4xx_syscfg.o
    0x08002b9c   0x000009dc   Code   RO         1268    .text               stm32f4xx_tim.o
    0x08003578   0x00000338   Code   RO         1293    .text               stm32f4xx_usart.o
    0x080038b0   0x00000040   Code   RO         1341    .text               startup_stm32f4xx.o
    0x080038f0   0x00000204   Code   RO         1348    .text               system_stm32f4xx.o
    0x08003af4   0x00000002   Code   RO         1378    .text               c_w.l(use_no_semi_2.o)
    0x08003af6   0x00000002   PAD
    0x08003af8   0x00000018   Code   RO         1382    .text               c_w.l(noretval__2printf.o)
    0x08003b10   0x0000004e   Code   RO         1386    .text               c_w.l(_printf_pad.o)
    0x08003b5e   0x00000002   PAD
    0x08003b60   0x00000078   Code   RO         1388    .text               c_w.l(_printf_dec.o)
    0x08003bd8   0x0000010e   Code   RO         1398    .text               c_w.l(__printf_wp.o)
    0x08003ce6   0x00000006   Code   RO         1412    .text               c_w.l(heapauxi.o)
    0x08003cec   0x00000002   Code   RO         1416    .text               c_w.l(use_no_semi.o)
    0x08003cee   0x000000b2   Code   RO         1419    .text               c_w.l(_printf_intcommon.o)
    0x08003da0   0x00000024   Code   RO         1421    .text               c_w.l(_printf_char_file.o)
    0x08003dc4   0x00000030   Code   RO         1439    .text               c_w.l(_printf_char_common.o)
    0x08003df4   0x00000008   Code   RO         1441    .text               c_w.l(ferror.o)
    0x08003dfc   0x0000004a   Code   RO         1445    .text               c_w.l(sys_stackheap_outer.o)
    0x08003e46   0x00000012   Code   RO         1449    .text               c_w.l(exit.o)
    0x08003e58   0x00000008   Code   RO         1457    .text               c_w.l(libspace.o)
    0x08003e60   0x0000000e   Code   RO         1400    i._is_digit         c_w.l(__printf_wp.o)
    0x08003e6e   0x0000000a   Code   RO         1516    x$fpl$fpinit        fz_wm.l(fpinit.o)
    0x08003e78   0x00000020   Data   RO         1580    Region$$Table       anon$$obj.o


    Execution Region RW_IRAM1 (Base: 0x20000000, Size: 0x00000830, Max: 0x00020000, ABSOLUTE)

    Base Addr    Size         Type   Attr      Idx    E Section Name        Object

    0x20000000   0x00000004   Data   RW          191    .data               buzzer.o
    0x20000004   0x00000090   Data   RW          295    .data               motorcontrol.o
    0x20000094   0x00000004   Data   RW          296    .data               motorcontrol.o
    0x20000098   0x00000004   Data   RW          297    .data               motorcontrol.o
    0x2000009c   0x00000004   Data   RW          298    .data               motorcontrol.o
    0x200000a0   0x00000024   Data   RW          330    .data               sensor.o
    0x200000c4   0x00000004   Data   RW          331    .data               sensor.o
    0x200000c8   0x00000004   Data   RW          332    .data               sensor.o
    0x200000cc   0x00000004   Data   RW          333    .data               sensor.o
    0x200000d0   0x00000004   Data   RW          334    .data               sensor.o
    0x200000d4   0x00000004   Data   RW          335    .data               sensor.o
    0x200000d8   0x0000000c   Data   RW          366    .data               setup.o
    0x200000e4   0x00000004   Data   RW          425    .data               usart.o
    0x200000e8   0x0000000c   Data   RW          457    .data               controller.o
    0x200000f4   0x00000002   Data   RW          513    .data               model.o
    0x200000f6   0x00000001   Data   RW          514    .data               model.o
    0x200000f7   0x00000010   Data   RW         1122    .data               stm32f4xx_rcc.o
    0x20000107   0x00000001   PAD
    0x20000108   0x00000014   Data   RW         1350    .data               system_stm32f4xx.o
    0x2000011c   0x000000b4   Zero   RW          512    .bss                model.o
    0x200001d0   0x00000060   Zero   RW         1458    .bss                c_w.l(libspace.o)
    0x20000230   0x00000200   Zero   RW         1339    HEAP                startup_stm32f4xx.o
    0x20000430   0x00000400   Zero   RW         1338    STACK               startup_stm32f4xx.o


==============================================================================

Image component sizes


      Code (inc. data)   RO Data    RW Data    ZI Data      Debug   Object Name

       236         46          0          0          0     275130   button.o
       396         12          0          4          0       2143   buzzer.o
       976         90          0         12          0       3680   controller.o
        80          4          0          0          0       1396   delay.o
        56          6          0          0          0       1149   encoder.o
        60          6          0          0          0        619   main.o
       176         12          0          0          0       1897   misc.o
       404          8          0          3        180       3587   model.o
      1380         48          0        156          0       6319   motorcontrol.o
      1404         50          0          0          0       2775   search.o
       712         28          0         56          0       2350   sensor.o
      1492         64          0         12          0      30836   setup.o
        64         26        392          0       1536        832   startup_stm32f4xx.o
       852         20          0          0          0      10786   stm32f4xx_adc.o
       232          8          0          0          0       2399   stm32f4xx_exti.o
       536         38          0          0          0       4445   stm32f4xx_gpio.o
       164         14          0          0          0        902   stm32f4xx_it.o
       976         36          0         16          0      11343   stm32f4xx_rcc.o
       120         18          0          0          0       1731   stm32f4xx_syscfg.o
      2524         52          0          0          0      22982   stm32f4xx_tim.o
       824         24          0          0          0       8108   stm32f4xx_usart.o
       516         46          0         20          0       2081   system_stm32f4xx.o
        52          4          0          4          0       2626   usart.o
       300         88          0          0          0        872   view.o

    ----------------------------------------------------------------------
     14532        748        424        284       1716     400988   Object Totals
         0          0         32          0          0          0   (incl. Generated)
         0          0          0          1          0          0   (incl. Padding)

    ----------------------------------------------------------------------

      Code (inc. data)   RO Data    RW Data    ZI Data      Debug   Library Member Name

         8          0          0          0          0         68   __main.o
       284          0          0          0          0        156   __printf_wp.o
         0          0          0          0          0          0   __rtentry.o
        12          0          0          0          0          0   __rtentry2.o
         6          0          0          0          0          0   __rtentry4.o
        52          8          0          0          0          0   __scatter.o
        26          0          0          0          0          0   __scatter_copy.o
        28          0          0          0          0          0   __scatter_zi.o
        48          6          0          0          0         96   _printf_char_common.o
        36          4          0          0          0         80   _printf_char_file.o
         6          0          0          0          0          0   _printf_d.o
       120         16          0          0          0         92   _printf_dec.o
       178          0          0          0          0         88   _printf_intcommon.o
        78          0          0          0          0        108   _printf_pad.o
         0          0          0          0          0          0   _printf_percent.o
         4          0          0          0          0          0   _printf_percent_end.o
        18          0          0          0          0         80   exit.o
         8          0          0          0          0         68   ferror.o
         6          0          0          0          0        152   heapauxi.o
         2          0          0          0          0          0   libinit.o
         6          0          0          0          0          0   libinit2.o
         2          0          0          0          0          0   libshutdown.o
         2          0          0          0          0          0   libshutdown2.o
         8          4          0          0         96         68   libspace.o
        24          4          0          0          0         84   noretval__2printf.o
         2          0          0          0          0          0   rtexit.o
        10          0          0          0          0          0   rtexit2.o
        74          0          0          0          0         80   sys_stackheap_outer.o
         2          0          0          0          0         68   use_no_semi.o
         2          0          0          0          0         68   use_no_semi_2.o
        10          0          0          0          0        116   fpinit.o

    ----------------------------------------------------------------------
      1068         42          0          0         96       1472   Library Totals
         6          0          0          0          0          0   (incl. Padding)

    ----------------------------------------------------------------------

      Code (inc. data)   RO Data    RW Data    ZI Data      Debug   Library Name

      1052         42          0          0         96       1356   c_w.l
        10          0          0          0          0        116   fz_wm.l

    ----------------------------------------------------------------------
      1068         42          0          0         96       1472   Library Totals

    ----------------------------------------------------------------------

==============================================================================


      Code (inc. data)   RO Data    RW Data    ZI Data      Debug   

     15600        790        424        284       1812     396336   Grand Totals
     15600        790        424        284       1812     396336   ELF Image Totals
     15600        790        424        284          0          0   ROM Totals

==============================================================================

    Total RO  Size (Code + RO Data)                16024 (  15.65kB)
    Total RW  Size (RW Data + ZI Data)              2096 (   2.05kB)
    Total ROM Size (Code + RO Data + RW Data)      16308 (  15.93kB)

==============================================================================

